Archive member included to satisfy reference by file (symbol)

c:/st/stm32cubeide_1.4.0/stm32cubeide/plugins/com.st.stm32cube.ide.mcu.externaltools.gnu-tools-for-stm32.7-2018-q2-update.win32_1.5.0.202011040924/tools/bin/../lib/gcc/arm-none-eabi/7.3.1/../../../../arm-none-eabi/lib/thumb/v6-m\libc_nano.a(lib_a-errno.o)
                              Core/Src/syscalls.o (__errno)
c:/st/stm32cubeide_1.4.0/stm32cubeide/plugins/com.st.stm32cube.ide.mcu.externaltools.gnu-tools-for-stm32.7-2018-q2-update.win32_1.5.0.202011040924/tools/bin/../lib/gcc/arm-none-eabi/7.3.1/../../../../arm-none-eabi/lib/thumb/v6-m\libc_nano.a(lib_a-exit.o)
                              c:/st/stm32cubeide_1.4.0/stm32cubeide/plugins/com.st.stm32cube.ide.mcu.externaltools.gnu-tools-for-stm32.7-2018-q2-update.win32_1.5.0.202011040924/tools/bin/../lib/gcc/arm-none-eabi/7.3.1/../../../../arm-none-eabi/lib/thumb/v6-m/crt0.o (exit)
c:/st/stm32cubeide_1.4.0/stm32cubeide/plugins/com.st.stm32cube.ide.mcu.externaltools.gnu-tools-for-stm32.7-2018-q2-update.win32_1.5.0.202011040924/tools/bin/../lib/gcc/arm-none-eabi/7.3.1/../../../../arm-none-eabi/lib/thumb/v6-m\libc_nano.a(lib_a-impure.o)
                              c:/st/stm32cubeide_1.4.0/stm32cubeide/plugins/com.st.stm32cube.ide.mcu.externaltools.gnu-tools-for-stm32.7-2018-q2-update.win32_1.5.0.202011040924/tools/bin/../lib/gcc/arm-none-eabi/7.3.1/../../../../arm-none-eabi/lib/thumb/v6-m\libc_nano.a(lib_a-exit.o) (_global_impure_ptr)
c:/st/stm32cubeide_1.4.0/stm32cubeide/plugins/com.st.stm32cube.ide.mcu.externaltools.gnu-tools-for-stm32.7-2018-q2-update.win32_1.5.0.202011040924/tools/bin/../lib/gcc/arm-none-eabi/7.3.1/../../../../arm-none-eabi/lib/thumb/v6-m\libc_nano.a(lib_a-init.o)
                              c:/st/stm32cubeide_1.4.0/stm32cubeide/plugins/com.st.stm32cube.ide.mcu.externaltools.gnu-tools-for-stm32.7-2018-q2-update.win32_1.5.0.202011040924/tools/bin/../lib/gcc/arm-none-eabi/7.3.1/../../../../arm-none-eabi/lib/thumb/v6-m/crt0.o (__libc_init_array)
c:/st/stm32cubeide_1.4.0/stm32cubeide/plugins/com.st.stm32cube.ide.mcu.externaltools.gnu-tools-for-stm32.7-2018-q2-update.win32_1.5.0.202011040924/tools/bin/../lib/gcc/arm-none-eabi/7.3.1/../../../../arm-none-eabi/lib/thumb/v6-m\libc_nano.a(lib_a-memset.o)
                              c:/st/stm32cubeide_1.4.0/stm32cubeide/plugins/com.st.stm32cube.ide.mcu.externaltools.gnu-tools-for-stm32.7-2018-q2-update.win32_1.5.0.202011040924/tools/bin/../lib/gcc/arm-none-eabi/7.3.1/../../../../arm-none-eabi/lib/thumb/v6-m/crt0.o (memset)
c:/st/stm32cubeide_1.4.0/stm32cubeide/plugins/com.st.stm32cube.ide.mcu.externaltools.gnu-tools-for-stm32.7-2018-q2-update.win32_1.5.0.202011040924/tools/bin/../lib/gcc/arm-none-eabi/7.3.1/thumb/v6-m\libgcc.a(_udivsi3.o)
                              Core/Src/system_stm32f0xx.o (__aeabi_uidiv)
c:/st/stm32cubeide_1.4.0/stm32cubeide/plugins/com.st.stm32cube.ide.mcu.externaltools.gnu-tools-for-stm32.7-2018-q2-update.win32_1.5.0.202011040924/tools/bin/../lib/gcc/arm-none-eabi/7.3.1/thumb/v6-m\libgcc.a(_dvmd_tls.o)
                              c:/st/stm32cubeide_1.4.0/stm32cubeide/plugins/com.st.stm32cube.ide.mcu.externaltools.gnu-tools-for-stm32.7-2018-q2-update.win32_1.5.0.202011040924/tools/bin/../lib/gcc/arm-none-eabi/7.3.1/thumb/v6-m\libgcc.a(_udivsi3.o) (__aeabi_idiv0)

Discarded input sections

 .text          0x0000000000000000        0x0 c:/st/stm32cubeide_1.4.0/stm32cubeide/plugins/com.st.stm32cube.ide.mcu.externaltools.gnu-tools-for-stm32.7-2018-q2-update.win32_1.5.0.202011040924/tools/bin/../lib/gcc/arm-none-eabi/7.3.1/thumb/v6-m/crti.o
 .data          0x0000000000000000        0x0 c:/st/stm32cubeide_1.4.0/stm32cubeide/plugins/com.st.stm32cube.ide.mcu.externaltools.gnu-tools-for-stm32.7-2018-q2-update.win32_1.5.0.202011040924/tools/bin/../lib/gcc/arm-none-eabi/7.3.1/thumb/v6-m/crti.o
 .bss           0x0000000000000000        0x0 c:/st/stm32cubeide_1.4.0/stm32cubeide/plugins/com.st.stm32cube.ide.mcu.externaltools.gnu-tools-for-stm32.7-2018-q2-update.win32_1.5.0.202011040924/tools/bin/../lib/gcc/arm-none-eabi/7.3.1/thumb/v6-m/crti.o
 .data          0x0000000000000000        0x4 c:/st/stm32cubeide_1.4.0/stm32cubeide/plugins/com.st.stm32cube.ide.mcu.externaltools.gnu-tools-for-stm32.7-2018-q2-update.win32_1.5.0.202011040924/tools/bin/../lib/gcc/arm-none-eabi/7.3.1/thumb/v6-m/crtbegin.o
 .text          0x0000000000000000       0x78 c:/st/stm32cubeide_1.4.0/stm32cubeide/plugins/com.st.stm32cube.ide.mcu.externaltools.gnu-tools-for-stm32.7-2018-q2-update.win32_1.5.0.202011040924/tools/bin/../lib/gcc/arm-none-eabi/7.3.1/../../../../arm-none-eabi/lib/thumb/v6-m/crt0.o
 .data          0x0000000000000000        0x0 c:/st/stm32cubeide_1.4.0/stm32cubeide/plugins/com.st.stm32cube.ide.mcu.externaltools.gnu-tools-for-stm32.7-2018-q2-update.win32_1.5.0.202011040924/tools/bin/../lib/gcc/arm-none-eabi/7.3.1/../../../../arm-none-eabi/lib/thumb/v6-m/crt0.o
 .bss           0x0000000000000000        0x0 c:/st/stm32cubeide_1.4.0/stm32cubeide/plugins/com.st.stm32cube.ide.mcu.externaltools.gnu-tools-for-stm32.7-2018-q2-update.win32_1.5.0.202011040924/tools/bin/../lib/gcc/arm-none-eabi/7.3.1/../../../../arm-none-eabi/lib/thumb/v6-m/crt0.o
 .ARM.extab     0x0000000000000000        0x0 c:/st/stm32cubeide_1.4.0/stm32cubeide/plugins/com.st.stm32cube.ide.mcu.externaltools.gnu-tools-for-stm32.7-2018-q2-update.win32_1.5.0.202011040924/tools/bin/../lib/gcc/arm-none-eabi/7.3.1/../../../../arm-none-eabi/lib/thumb/v6-m/crt0.o
 .ARM.exidx     0x0000000000000000        0x8 c:/st/stm32cubeide_1.4.0/stm32cubeide/plugins/com.st.stm32cube.ide.mcu.externaltools.gnu-tools-for-stm32.7-2018-q2-update.win32_1.5.0.202011040924/tools/bin/../lib/gcc/arm-none-eabi/7.3.1/../../../../arm-none-eabi/lib/thumb/v6-m/crt0.o
 .ARM.attributes
                0x0000000000000000       0x1b c:/st/stm32cubeide_1.4.0/stm32cubeide/plugins/com.st.stm32cube.ide.mcu.externaltools.gnu-tools-for-stm32.7-2018-q2-update.win32_1.5.0.202011040924/tools/bin/../lib/gcc/arm-none-eabi/7.3.1/../../../../arm-none-eabi/lib/thumb/v6-m/crt0.o
 .group         0x0000000000000000        0xc Core/Src/main.o
 .group         0x0000000000000000        0xc Core/Src/main.o
 .group         0x0000000000000000        0xc Core/Src/main.o
 .group         0x0000000000000000        0xc Core/Src/main.o
 .group         0x0000000000000000        0xc Core/Src/main.o
 .group         0x0000000000000000        0xc Core/Src/main.o
 .group         0x0000000000000000        0xc Core/Src/main.o
 .group         0x0000000000000000        0xc Core/Src/main.o
 .group         0x0000000000000000        0xc Core/Src/main.o
 .group         0x0000000000000000        0xc Core/Src/main.o
 .group         0x0000000000000000        0xc Core/Src/main.o
 .group         0x0000000000000000        0xc Core/Src/main.o
 .group         0x0000000000000000        0xc Core/Src/main.o
 .group         0x0000000000000000        0xc Core/Src/main.o
 .group         0x0000000000000000        0xc Core/Src/main.o
 .group         0x0000000000000000        0xc Core/Src/main.o
 .group         0x0000000000000000        0xc Core/Src/main.o
 .group         0x0000000000000000        0xc Core/Src/main.o
 .group         0x0000000000000000        0xc Core/Src/main.o
 .group         0x0000000000000000        0xc Core/Src/main.o
 .group         0x0000000000000000        0xc Core/Src/main.o
 .group         0x0000000000000000        0xc Core/Src/main.o
 .group         0x0000000000000000        0xc Core/Src/main.o
 .group         0x0000000000000000        0xc Core/Src/main.o
 .group         0x0000000000000000        0xc Core/Src/main.o
 .text          0x0000000000000000        0x0 Core/Src/main.o
 .data          0x0000000000000000        0x0 Core/Src/main.o
 .bss           0x0000000000000000        0x0 Core/Src/main.o
 .rodata.CHANNEL_OFFSET_TAB
                0x0000000000000000        0x5 Core/Src/main.o
 .text.Error_Handler
                0x0000000000000000        0x8 Core/Src/main.o
 .group         0x0000000000000000        0xc Core/Src/stm32f0xx_it.o
 .group         0x0000000000000000        0xc Core/Src/stm32f0xx_it.o
 .group         0x0000000000000000        0xc Core/Src/stm32f0xx_it.o
 .group         0x0000000000000000        0xc Core/Src/stm32f0xx_it.o
 .group         0x0000000000000000        0xc Core/Src/stm32f0xx_it.o
 .group         0x0000000000000000        0xc Core/Src/stm32f0xx_it.o
 .group         0x0000000000000000        0xc Core/Src/stm32f0xx_it.o
 .group         0x0000000000000000        0xc Core/Src/stm32f0xx_it.o
 .group         0x0000000000000000        0xc Core/Src/stm32f0xx_it.o
 .group         0x0000000000000000        0xc Core/Src/stm32f0xx_it.o
 .group         0x0000000000000000        0xc Core/Src/stm32f0xx_it.o
 .group         0x0000000000000000        0xc Core/Src/stm32f0xx_it.o
 .group         0x0000000000000000        0xc Core/Src/stm32f0xx_it.o
 .group         0x0000000000000000        0xc Core/Src/stm32f0xx_it.o
 .group         0x0000000000000000        0xc Core/Src/stm32f0xx_it.o
 .group         0x0000000000000000        0xc Core/Src/stm32f0xx_it.o
 .group         0x0000000000000000        0xc Core/Src/stm32f0xx_it.o
 .group         0x0000000000000000        0xc Core/Src/stm32f0xx_it.o
 .group         0x0000000000000000        0xc Core/Src/stm32f0xx_it.o
 .group         0x0000000000000000        0xc Core/Src/stm32f0xx_it.o
 .group         0x0000000000000000        0xc Core/Src/stm32f0xx_it.o
 .group         0x0000000000000000        0xc Core/Src/stm32f0xx_it.o
 .group         0x0000000000000000        0xc Core/Src/stm32f0xx_it.o
 .group         0x0000000000000000        0xc Core/Src/stm32f0xx_it.o
 .group         0x0000000000000000        0xc Core/Src/stm32f0xx_it.o
 .text          0x0000000000000000        0x0 Core/Src/stm32f0xx_it.o
 .data          0x0000000000000000        0x0 Core/Src/stm32f0xx_it.o
 .bss           0x0000000000000000        0x0 Core/Src/stm32f0xx_it.o
 .rodata.CHANNEL_OFFSET_TAB
                0x0000000000000000        0x5 Core/Src/stm32f0xx_it.o
 .debug_macro   0x0000000000000000      0xa84 Core/Src/stm32f0xx_it.o
 .debug_macro   0x0000000000000000       0x2e Core/Src/stm32f0xx_it.o
 .debug_macro   0x0000000000000000       0x22 Core/Src/stm32f0xx_it.o
 .debug_macro   0x0000000000000000       0x22 Core/Src/stm32f0xx_it.o
 .debug_macro   0x0000000000000000       0x8e Core/Src/stm32f0xx_it.o
 .debug_macro   0x0000000000000000       0x51 Core/Src/stm32f0xx_it.o
 .debug_macro   0x0000000000000000       0xef Core/Src/stm32f0xx_it.o
 .debug_macro   0x0000000000000000       0x6a Core/Src/stm32f0xx_it.o
 .debug_macro   0x0000000000000000      0x1df Core/Src/stm32f0xx_it.o
 .debug_macro   0x0000000000000000       0x1c Core/Src/stm32f0xx_it.o
 .debug_macro   0x0000000000000000       0x22 Core/Src/stm32f0xx_it.o
 .debug_macro   0x0000000000000000       0xb5 Core/Src/stm32f0xx_it.o
 .debug_macro   0x0000000000000000      0x391 Core/Src/stm32f0xx_it.o
 .debug_macro   0x0000000000000000     0x6f39 Core/Src/stm32f0xx_it.o
 .debug_macro   0x0000000000000000       0x3c Core/Src/stm32f0xx_it.o
 .debug_macro   0x0000000000000000      0x3d4 Core/Src/stm32f0xx_it.o
 .debug_macro   0x0000000000000000       0xcb Core/Src/stm32f0xx_it.o
 .debug_macro   0x0000000000000000      0x176 Core/Src/stm32f0xx_it.o
 .debug_macro   0x0000000000000000       0xd0 Core/Src/stm32f0xx_it.o
 .debug_macro   0x0000000000000000       0x16 Core/Src/stm32f0xx_it.o
 .debug_macro   0x0000000000000000       0x2a Core/Src/stm32f0xx_it.o
 .debug_macro   0x0000000000000000       0x68 Core/Src/stm32f0xx_it.o
 .debug_macro   0x0000000000000000      0x215 Core/Src/stm32f0xx_it.o
 .debug_macro   0x0000000000000000      0x11f Core/Src/stm32f0xx_it.o
 .debug_macro   0x0000000000000000       0x22 Core/Src/stm32f0xx_it.o
 .group         0x0000000000000000        0xc Core/Src/syscalls.o
 .group         0x0000000000000000        0xc Core/Src/syscalls.o
 .group         0x0000000000000000        0xc Core/Src/syscalls.o
 .group         0x0000000000000000        0xc Core/Src/syscalls.o
 .group         0x0000000000000000        0xc Core/Src/syscalls.o
 .group         0x0000000000000000        0xc Core/Src/syscalls.o
 .group         0x0000000000000000        0xc Core/Src/syscalls.o
 .group         0x0000000000000000        0xc Core/Src/syscalls.o
 .group         0x0000000000000000        0xc Core/Src/syscalls.o
 .group         0x0000000000000000        0xc Core/Src/syscalls.o
 .group         0x0000000000000000        0xc Core/Src/syscalls.o
 .group         0x0000000000000000        0xc Core/Src/syscalls.o
 .group         0x0000000000000000        0xc Core/Src/syscalls.o
 .group         0x0000000000000000        0xc Core/Src/syscalls.o
 .group         0x0000000000000000        0xc Core/Src/syscalls.o
 .group         0x0000000000000000        0xc Core/Src/syscalls.o
 .group         0x0000000000000000        0xc Core/Src/syscalls.o
 .group         0x0000000000000000        0xc Core/Src/syscalls.o
 .group         0x0000000000000000        0xc Core/Src/syscalls.o
 .group         0x0000000000000000        0xc Core/Src/syscalls.o
 .group         0x0000000000000000        0xc Core/Src/syscalls.o
 .group         0x0000000000000000        0xc Core/Src/syscalls.o
 .group         0x0000000000000000        0xc Core/Src/syscalls.o
 .group         0x0000000000000000        0xc Core/Src/syscalls.o
 .group         0x0000000000000000        0xc Core/Src/syscalls.o
 .group         0x0000000000000000        0xc Core/Src/syscalls.o
 .group         0x0000000000000000        0xc Core/Src/syscalls.o
 .group         0x0000000000000000        0xc Core/Src/syscalls.o
 .group         0x0000000000000000        0xc Core/Src/syscalls.o
 .group         0x0000000000000000        0xc Core/Src/syscalls.o
 .group         0x0000000000000000        0xc Core/Src/syscalls.o
 .group         0x0000000000000000        0xc Core/Src/syscalls.o
 .group         0x0000000000000000        0xc Core/Src/syscalls.o
 .group         0x0000000000000000        0xc Core/Src/syscalls.o
 .group         0x0000000000000000        0xc Core/Src/syscalls.o
 .group         0x0000000000000000        0xc Core/Src/syscalls.o
 .group         0x0000000000000000        0xc Core/Src/syscalls.o
 .group         0x0000000000000000        0xc Core/Src/syscalls.o
 .group         0x0000000000000000        0xc Core/Src/syscalls.o
 .group         0x0000000000000000        0xc Core/Src/syscalls.o
 .group         0x0000000000000000        0xc Core/Src/syscalls.o
 .group         0x0000000000000000        0xc Core/Src/syscalls.o
 .group         0x0000000000000000        0xc Core/Src/syscalls.o
 .group         0x0000000000000000        0xc Core/Src/syscalls.o
 .text          0x0000000000000000        0x0 Core/Src/syscalls.o
 .data          0x0000000000000000        0x0 Core/Src/syscalls.o
 .bss           0x0000000000000000        0x0 Core/Src/syscalls.o
 .bss.__env     0x0000000000000000        0x4 Core/Src/syscalls.o
 .data.environ  0x0000000000000000        0x4 Core/Src/syscalls.o
 .text.initialise_monitor_handles
                0x0000000000000000        0xa Core/Src/syscalls.o
 .text._getpid  0x0000000000000000        0xc Core/Src/syscalls.o
 .text._kill    0x0000000000000000       0x20 Core/Src/syscalls.o
 .text._exit    0x0000000000000000       0x18 Core/Src/syscalls.o
 .text._read    0x0000000000000000       0x3a Core/Src/syscalls.o
 .text._write   0x0000000000000000       0x38 Core/Src/syscalls.o
 .text._close   0x0000000000000000       0x14 Core/Src/syscalls.o
 .text._fstat   0x0000000000000000       0x1c Core/Src/syscalls.o
 .text._isatty  0x0000000000000000       0x12 Core/Src/syscalls.o
 .text._lseek   0x0000000000000000       0x16 Core/Src/syscalls.o
 .text._open    0x0000000000000000       0x1c Core/Src/syscalls.o
 .text._wait    0x0000000000000000       0x1e Core/Src/syscalls.o
 .text._unlink  0x0000000000000000       0x1e Core/Src/syscalls.o
 .text._times   0x0000000000000000       0x14 Core/Src/syscalls.o
 .text._stat    0x0000000000000000       0x1c Core/Src/syscalls.o
 .text._link    0x0000000000000000       0x20 Core/Src/syscalls.o
 .text._fork    0x0000000000000000       0x18 Core/Src/syscalls.o
 .text._execve  0x0000000000000000       0x22 Core/Src/syscalls.o
 .debug_info    0x0000000000000000      0xebd Core/Src/syscalls.o
 .debug_abbrev  0x0000000000000000      0x261 Core/Src/syscalls.o
 .debug_aranges
                0x0000000000000000       0xa8 Core/Src/syscalls.o
 .debug_ranges  0x0000000000000000       0x98 Core/Src/syscalls.o
 .debug_macro   0x0000000000000000      0x243 Core/Src/syscalls.o
 .debug_macro   0x0000000000000000      0xa84 Core/Src/syscalls.o
 .debug_macro   0x0000000000000000       0x22 Core/Src/syscalls.o
 .debug_macro   0x0000000000000000       0x40 Core/Src/syscalls.o
 .debug_macro   0x0000000000000000       0x18 Core/Src/syscalls.o
 .debug_macro   0x0000000000000000       0x94 Core/Src/syscalls.o
 .debug_macro   0x0000000000000000       0x3c Core/Src/syscalls.o
 .debug_macro   0x0000000000000000       0x34 Core/Src/syscalls.o
 .debug_macro   0x0000000000000000       0x57 Core/Src/syscalls.o
 .debug_macro   0x0000000000000000      0x174 Core/Src/syscalls.o
 .debug_macro   0x0000000000000000      0x330 Core/Src/syscalls.o
 .debug_macro   0x0000000000000000       0x52 Core/Src/syscalls.o
 .debug_macro   0x0000000000000000       0x1f Core/Src/syscalls.o
 .debug_macro   0x0000000000000000       0x43 Core/Src/syscalls.o
 .debug_macro   0x0000000000000000       0x20 Core/Src/syscalls.o
 .debug_macro   0x0000000000000000      0x1a3 Core/Src/syscalls.o
 .debug_macro   0x0000000000000000       0x10 Core/Src/syscalls.o
 .debug_macro   0x0000000000000000       0x35 Core/Src/syscalls.o
 .debug_macro   0x0000000000000000       0x10 Core/Src/syscalls.o
 .debug_macro   0x0000000000000000       0x10 Core/Src/syscalls.o
 .debug_macro   0x0000000000000000       0x10 Core/Src/syscalls.o
 .debug_macro   0x0000000000000000       0x6a Core/Src/syscalls.o
 .debug_macro   0x0000000000000000       0x1c Core/Src/syscalls.o
 .debug_macro   0x0000000000000000       0x52 Core/Src/syscalls.o
 .debug_macro   0x0000000000000000       0x40 Core/Src/syscalls.o
 .debug_macro   0x0000000000000000       0x10 Core/Src/syscalls.o
 .debug_macro   0x0000000000000000       0x40 Core/Src/syscalls.o
 .debug_macro   0x0000000000000000       0xd7 Core/Src/syscalls.o
 .debug_macro   0x0000000000000000       0x1c Core/Src/syscalls.o
 .debug_macro   0x0000000000000000       0x3d Core/Src/syscalls.o
 .debug_macro   0x0000000000000000       0x35 Core/Src/syscalls.o
 .debug_macro   0x0000000000000000      0x122 Core/Src/syscalls.o
 .debug_macro   0x0000000000000000       0x16 Core/Src/syscalls.o
 .debug_macro   0x0000000000000000       0x16 Core/Src/syscalls.o
 .debug_macro   0x0000000000000000       0x29 Core/Src/syscalls.o
 .debug_macro   0x0000000000000000       0x10 Core/Src/syscalls.o
 .debug_macro   0x0000000000000000      0x241 Core/Src/syscalls.o
 .debug_macro   0x0000000000000000       0x1c Core/Src/syscalls.o
 .debug_macro   0x0000000000000000       0x10 Core/Src/syscalls.o
 .debug_macro   0x0000000000000000       0x10 Core/Src/syscalls.o
 .debug_macro   0x0000000000000000       0x16 Core/Src/syscalls.o
 .debug_macro   0x0000000000000000      0x145 Core/Src/syscalls.o
 .debug_macro   0x0000000000000000      0x189 Core/Src/syscalls.o
 .debug_macro   0x0000000000000000       0x16 Core/Src/syscalls.o
 .debug_macro   0x0000000000000000       0x88 Core/Src/syscalls.o
 .debug_line    0x0000000000000000      0x73e Core/Src/syscalls.o
 .debug_str     0x0000000000000000     0x889a Core/Src/syscalls.o
 .comment       0x0000000000000000       0x7c Core/Src/syscalls.o
 .debug_frame   0x0000000000000000      0x244 Core/Src/syscalls.o
 .ARM.attributes
                0x0000000000000000       0x31 Core/Src/syscalls.o
 .group         0x0000000000000000        0xc Core/Src/sysmem.o
 .group         0x0000000000000000        0xc Core/Src/sysmem.o
 .group         0x0000000000000000        0xc Core/Src/sysmem.o
 .group         0x0000000000000000        0xc Core/Src/sysmem.o
 .group         0x0000000000000000        0xc Core/Src/sysmem.o
 .group         0x0000000000000000        0xc Core/Src/sysmem.o
 .group         0x0000000000000000        0xc Core/Src/sysmem.o
 .group         0x0000000000000000        0xc Core/Src/sysmem.o
 .group         0x0000000000000000        0xc Core/Src/sysmem.o
 .group         0x0000000000000000        0xc Core/Src/sysmem.o
 .group         0x0000000000000000        0xc Core/Src/sysmem.o
 .group         0x0000000000000000        0xc Core/Src/sysmem.o
 .group         0x0000000000000000        0xc Core/Src/sysmem.o
 .group         0x0000000000000000        0xc Core/Src/sysmem.o
 .group         0x0000000000000000        0xc Core/Src/sysmem.o
 .group         0x0000000000000000        0xc Core/Src/sysmem.o
 .group         0x0000000000000000        0xc Core/Src/sysmem.o
 .group         0x0000000000000000        0xc Core/Src/sysmem.o
 .group         0x0000000000000000        0xc Core/Src/sysmem.o
 .text          0x0000000000000000        0x0 Core/Src/sysmem.o
 .data          0x0000000000000000        0x0 Core/Src/sysmem.o
 .bss           0x0000000000000000        0x0 Core/Src/sysmem.o
 .bss.__sbrk_heap_end
                0x0000000000000000        0x4 Core/Src/sysmem.o
 .text._sbrk    0x0000000000000000       0x6c Core/Src/sysmem.o
 .debug_info    0x0000000000000000      0x985 Core/Src/sysmem.o
 .debug_abbrev  0x0000000000000000      0x19b Core/Src/sysmem.o
 .debug_aranges
                0x0000000000000000       0x20 Core/Src/sysmem.o
 .debug_ranges  0x0000000000000000       0x10 Core/Src/sysmem.o
 .debug_macro   0x0000000000000000       0xee Core/Src/sysmem.o
 .debug_macro   0x0000000000000000      0xa84 Core/Src/sysmem.o
 .debug_macro   0x0000000000000000       0x10 Core/Src/sysmem.o
 .debug_macro   0x0000000000000000       0x22 Core/Src/sysmem.o
 .debug_macro   0x0000000000000000       0x40 Core/Src/sysmem.o
 .debug_macro   0x0000000000000000       0x18 Core/Src/sysmem.o
 .debug_macro   0x0000000000000000       0x94 Core/Src/sysmem.o
 .debug_macro   0x0000000000000000       0x3c Core/Src/sysmem.o
 .debug_macro   0x0000000000000000       0x34 Core/Src/sysmem.o
 .debug_macro   0x0000000000000000      0x174 Core/Src/sysmem.o
 .debug_macro   0x0000000000000000       0x57 Core/Src/sysmem.o
 .debug_macro   0x0000000000000000       0x52 Core/Src/sysmem.o
 .debug_macro   0x0000000000000000       0x1f Core/Src/sysmem.o
 .debug_macro   0x0000000000000000       0x43 Core/Src/sysmem.o
 .debug_macro   0x0000000000000000       0x20 Core/Src/sysmem.o
 .debug_macro   0x0000000000000000      0x1a3 Core/Src/sysmem.o
 .debug_macro   0x0000000000000000      0x23b Core/Src/sysmem.o
 .debug_macro   0x0000000000000000       0xef Core/Src/sysmem.o
 .debug_macro   0x0000000000000000       0x6a Core/Src/sysmem.o
 .debug_macro   0x0000000000000000      0x1df Core/Src/sysmem.o
 .debug_line    0x0000000000000000      0x4c7 Core/Src/sysmem.o
 .debug_str     0x0000000000000000     0x5f68 Core/Src/sysmem.o
 .comment       0x0000000000000000       0x7c Core/Src/sysmem.o
 .debug_frame   0x0000000000000000       0x30 Core/Src/sysmem.o
 .ARM.attributes
                0x0000000000000000       0x31 Core/Src/sysmem.o
 .group         0x0000000000000000        0xc Core/Src/system_stm32f0xx.o
 .group         0x0000000000000000        0xc Core/Src/system_stm32f0xx.o
 .group         0x0000000000000000        0xc Core/Src/system_stm32f0xx.o
 .group         0x0000000000000000        0xc Core/Src/system_stm32f0xx.o
 .group         0x0000000000000000        0xc Core/Src/system_stm32f0xx.o
 .group         0x0000000000000000        0xc Core/Src/system_stm32f0xx.o
 .group         0x0000000000000000        0xc Core/Src/system_stm32f0xx.o
 .group         0x0000000000000000        0xc Core/Src/system_stm32f0xx.o
 .group         0x0000000000000000        0xc Core/Src/system_stm32f0xx.o
 .group         0x0000000000000000        0xc Core/Src/system_stm32f0xx.o
 .group         0x0000000000000000        0xc Core/Src/system_stm32f0xx.o
 .group         0x0000000000000000        0xc Core/Src/system_stm32f0xx.o
 .group         0x0000000000000000        0xc Core/Src/system_stm32f0xx.o
 .group         0x0000000000000000        0xc Core/Src/system_stm32f0xx.o
 .group         0x0000000000000000        0xc Core/Src/system_stm32f0xx.o
 .text          0x0000000000000000        0x0 Core/Src/system_stm32f0xx.o
 .data          0x0000000000000000        0x0 Core/Src/system_stm32f0xx.o
 .bss           0x0000000000000000        0x0 Core/Src/system_stm32f0xx.o
 .rodata.AHBPrescTable
                0x0000000000000000       0x10 Core/Src/system_stm32f0xx.o
 .rodata.APBPrescTable
                0x0000000000000000        0x8 Core/Src/system_stm32f0xx.o
 .text.SystemCoreClockUpdate
                0x0000000000000000       0xe0 Core/Src/system_stm32f0xx.o
 .debug_macro   0x0000000000000000      0xa84 Core/Src/system_stm32f0xx.o
 .debug_macro   0x0000000000000000       0x2e Core/Src/system_stm32f0xx.o
 .debug_macro   0x0000000000000000       0x22 Core/Src/system_stm32f0xx.o
 .debug_macro   0x0000000000000000       0x22 Core/Src/system_stm32f0xx.o
 .debug_macro   0x0000000000000000       0x8e Core/Src/system_stm32f0xx.o
 .debug_macro   0x0000000000000000       0x51 Core/Src/system_stm32f0xx.o
 .debug_macro   0x0000000000000000       0xef Core/Src/system_stm32f0xx.o
 .debug_macro   0x0000000000000000       0x6a Core/Src/system_stm32f0xx.o
 .debug_macro   0x0000000000000000      0x1df Core/Src/system_stm32f0xx.o
 .debug_macro   0x0000000000000000       0x1c Core/Src/system_stm32f0xx.o
 .debug_macro   0x0000000000000000       0x22 Core/Src/system_stm32f0xx.o
 .debug_macro   0x0000000000000000       0xb5 Core/Src/system_stm32f0xx.o
 .debug_macro   0x0000000000000000      0x391 Core/Src/system_stm32f0xx.o
 .debug_macro   0x0000000000000000     0x6f39 Core/Src/system_stm32f0xx.o
 .debug_macro   0x0000000000000000       0x3c Core/Src/system_stm32f0xx.o
 .text          0x0000000000000000       0x14 Core/Startup/startup_stm32f030c8tx.o
 .data          0x0000000000000000        0x0 Core/Startup/startup_stm32f030c8tx.o
 .bss           0x0000000000000000        0x0 Core/Startup/startup_stm32f030c8tx.o
 .group         0x0000000000000000        0xc Drivers/STM32F0xx_HAL_Driver/Src/stm32f0xx_ll_exti.o
 .group         0x0000000000000000        0xc Drivers/STM32F0xx_HAL_Driver/Src/stm32f0xx_ll_exti.o
 .group         0x0000000000000000        0xc Drivers/STM32F0xx_HAL_Driver/Src/stm32f0xx_ll_exti.o
 .group         0x0000000000000000        0xc Drivers/STM32F0xx_HAL_Driver/Src/stm32f0xx_ll_exti.o
 .group         0x0000000000000000        0xc Drivers/STM32F0xx_HAL_Driver/Src/stm32f0xx_ll_exti.o
 .group         0x0000000000000000        0xc Drivers/STM32F0xx_HAL_Driver/Src/stm32f0xx_ll_exti.o
 .group         0x0000000000000000        0xc Drivers/STM32F0xx_HAL_Driver/Src/stm32f0xx_ll_exti.o
 .group         0x0000000000000000        0xc Drivers/STM32F0xx_HAL_Driver/Src/stm32f0xx_ll_exti.o
 .group         0x0000000000000000        0xc Drivers/STM32F0xx_HAL_Driver/Src/stm32f0xx_ll_exti.o
 .group         0x0000000000000000        0xc Drivers/STM32F0xx_HAL_Driver/Src/stm32f0xx_ll_exti.o
 .group         0x0000000000000000        0xc Drivers/STM32F0xx_HAL_Driver/Src/stm32f0xx_ll_exti.o
 .group         0x0000000000000000        0xc Drivers/STM32F0xx_HAL_Driver/Src/stm32f0xx_ll_exti.o
 .group         0x0000000000000000        0xc Drivers/STM32F0xx_HAL_Driver/Src/stm32f0xx_ll_exti.o
 .group         0x0000000000000000        0xc Drivers/STM32F0xx_HAL_Driver/Src/stm32f0xx_ll_exti.o
 .group         0x0000000000000000        0xc Drivers/STM32F0xx_HAL_Driver/Src/stm32f0xx_ll_exti.o
 .group         0x0000000000000000        0xc Drivers/STM32F0xx_HAL_Driver/Src/stm32f0xx_ll_exti.o
 .text          0x0000000000000000        0x0 Drivers/STM32F0xx_HAL_Driver/Src/stm32f0xx_ll_exti.o
 .data          0x0000000000000000        0x0 Drivers/STM32F0xx_HAL_Driver/Src/stm32f0xx_ll_exti.o
 .bss           0x0000000000000000        0x0 Drivers/STM32F0xx_HAL_Driver/Src/stm32f0xx_ll_exti.o
 .text.LL_EXTI_EnableIT_0_31
                0x0000000000000000       0x20 Drivers/STM32F0xx_HAL_Driver/Src/stm32f0xx_ll_exti.o
 .text.LL_EXTI_DisableIT_0_31
                0x0000000000000000       0x24 Drivers/STM32F0xx_HAL_Driver/Src/stm32f0xx_ll_exti.o
 .text.LL_EXTI_EnableEvent_0_31
                0x0000000000000000       0x20 Drivers/STM32F0xx_HAL_Driver/Src/stm32f0xx_ll_exti.o
 .text.LL_EXTI_DisableEvent_0_31
                0x0000000000000000       0x24 Drivers/STM32F0xx_HAL_Driver/Src/stm32f0xx_ll_exti.o
 .text.LL_EXTI_EnableRisingTrig_0_31
                0x0000000000000000       0x20 Drivers/STM32F0xx_HAL_Driver/Src/stm32f0xx_ll_exti.o
 .text.LL_EXTI_DisableRisingTrig_0_31
                0x0000000000000000       0x24 Drivers/STM32F0xx_HAL_Driver/Src/stm32f0xx_ll_exti.o
 .text.LL_EXTI_EnableFallingTrig_0_31
                0x0000000000000000       0x20 Drivers/STM32F0xx_HAL_Driver/Src/stm32f0xx_ll_exti.o
 .text.LL_EXTI_DisableFallingTrig_0_31
                0x0000000000000000       0x24 Drivers/STM32F0xx_HAL_Driver/Src/stm32f0xx_ll_exti.o
 .text.LL_EXTI_DeInit
                0x0000000000000000       0x3c Drivers/STM32F0xx_HAL_Driver/Src/stm32f0xx_ll_exti.o
 .text.LL_EXTI_Init
                0x0000000000000000      0x10a Drivers/STM32F0xx_HAL_Driver/Src/stm32f0xx_ll_exti.o
 .text.LL_EXTI_StructInit
                0x0000000000000000       0x28 Drivers/STM32F0xx_HAL_Driver/Src/stm32f0xx_ll_exti.o
 .debug_info    0x0000000000000000      0x37b Drivers/STM32F0xx_HAL_Driver/Src/stm32f0xx_ll_exti.o
 .debug_abbrev  0x0000000000000000      0x164 Drivers/STM32F0xx_HAL_Driver/Src/stm32f0xx_ll_exti.o
 .debug_aranges
                0x0000000000000000       0x70 Drivers/STM32F0xx_HAL_Driver/Src/stm32f0xx_ll_exti.o
 .debug_ranges  0x0000000000000000       0x60 Drivers/STM32F0xx_HAL_Driver/Src/stm32f0xx_ll_exti.o
 .debug_macro   0x0000000000000000       0xe1 Drivers/STM32F0xx_HAL_Driver/Src/stm32f0xx_ll_exti.o
 .debug_macro   0x0000000000000000      0xa84 Drivers/STM32F0xx_HAL_Driver/Src/stm32f0xx_ll_exti.o
 .debug_macro   0x0000000000000000       0x2e Drivers/STM32F0xx_HAL_Driver/Src/stm32f0xx_ll_exti.o
 .debug_macro   0x0000000000000000       0x22 Drivers/STM32F0xx_HAL_Driver/Src/stm32f0xx_ll_exti.o
 .debug_macro   0x0000000000000000       0x22 Drivers/STM32F0xx_HAL_Driver/Src/stm32f0xx_ll_exti.o
 .debug_macro   0x0000000000000000       0x8e Drivers/STM32F0xx_HAL_Driver/Src/stm32f0xx_ll_exti.o
 .debug_macro   0x0000000000000000       0x51 Drivers/STM32F0xx_HAL_Driver/Src/stm32f0xx_ll_exti.o
 .debug_macro   0x0000000000000000       0xef Drivers/STM32F0xx_HAL_Driver/Src/stm32f0xx_ll_exti.o
 .debug_macro   0x0000000000000000       0x6a Drivers/STM32F0xx_HAL_Driver/Src/stm32f0xx_ll_exti.o
 .debug_macro   0x0000000000000000      0x1df Drivers/STM32F0xx_HAL_Driver/Src/stm32f0xx_ll_exti.o
 .debug_macro   0x0000000000000000       0x1c Drivers/STM32F0xx_HAL_Driver/Src/stm32f0xx_ll_exti.o
 .debug_macro   0x0000000000000000       0x22 Drivers/STM32F0xx_HAL_Driver/Src/stm32f0xx_ll_exti.o
 .debug_macro   0x0000000000000000       0xb5 Drivers/STM32F0xx_HAL_Driver/Src/stm32f0xx_ll_exti.o
 .debug_macro   0x0000000000000000      0x391 Drivers/STM32F0xx_HAL_Driver/Src/stm32f0xx_ll_exti.o
 .debug_macro   0x0000000000000000     0x6f39 Drivers/STM32F0xx_HAL_Driver/Src/stm32f0xx_ll_exti.o
 .debug_macro   0x0000000000000000       0x3c Drivers/STM32F0xx_HAL_Driver/Src/stm32f0xx_ll_exti.o
 .debug_macro   0x0000000000000000       0xca Drivers/STM32F0xx_HAL_Driver/Src/stm32f0xx_ll_exti.o
 .debug_line    0x0000000000000000      0x58c Drivers/STM32F0xx_HAL_Driver/Src/stm32f0xx_ll_exti.o
 .debug_str     0x0000000000000000    0x2ca4a Drivers/STM32F0xx_HAL_Driver/Src/stm32f0xx_ll_exti.o
 .comment       0x0000000000000000       0x7c Drivers/STM32F0xx_HAL_Driver/Src/stm32f0xx_ll_exti.o
 .debug_frame   0x0000000000000000      0x16c Drivers/STM32F0xx_HAL_Driver/Src/stm32f0xx_ll_exti.o
 .ARM.attributes
                0x0000000000000000       0x31 Drivers/STM32F0xx_HAL_Driver/Src/stm32f0xx_ll_exti.o
 .group         0x0000000000000000        0xc Drivers/STM32F0xx_HAL_Driver/Src/stm32f0xx_ll_gpio.o
 .group         0x0000000000000000        0xc Drivers/STM32F0xx_HAL_Driver/Src/stm32f0xx_ll_gpio.o
 .group         0x0000000000000000        0xc Drivers/STM32F0xx_HAL_Driver/Src/stm32f0xx_ll_gpio.o
 .group         0x0000000000000000        0xc Drivers/STM32F0xx_HAL_Driver/Src/stm32f0xx_ll_gpio.o
 .group         0x0000000000000000        0xc Drivers/STM32F0xx_HAL_Driver/Src/stm32f0xx_ll_gpio.o
 .group         0x0000000000000000        0xc Drivers/STM32F0xx_HAL_Driver/Src/stm32f0xx_ll_gpio.o
 .group         0x0000000000000000        0xc Drivers/STM32F0xx_HAL_Driver/Src/stm32f0xx_ll_gpio.o
 .group         0x0000000000000000        0xc Drivers/STM32F0xx_HAL_Driver/Src/stm32f0xx_ll_gpio.o
 .group         0x0000000000000000        0xc Drivers/STM32F0xx_HAL_Driver/Src/stm32f0xx_ll_gpio.o
 .group         0x0000000000000000        0xc Drivers/STM32F0xx_HAL_Driver/Src/stm32f0xx_ll_gpio.o
 .group         0x0000000000000000        0xc Drivers/STM32F0xx_HAL_Driver/Src/stm32f0xx_ll_gpio.o
 .group         0x0000000000000000        0xc Drivers/STM32F0xx_HAL_Driver/Src/stm32f0xx_ll_gpio.o
 .group         0x0000000000000000        0xc Drivers/STM32F0xx_HAL_Driver/Src/stm32f0xx_ll_gpio.o
 .group         0x0000000000000000        0xc Drivers/STM32F0xx_HAL_Driver/Src/stm32f0xx_ll_gpio.o
 .group         0x0000000000000000        0xc Drivers/STM32F0xx_HAL_Driver/Src/stm32f0xx_ll_gpio.o
 .group         0x0000000000000000        0xc Drivers/STM32F0xx_HAL_Driver/Src/stm32f0xx_ll_gpio.o
 .group         0x0000000000000000        0xc Drivers/STM32F0xx_HAL_Driver/Src/stm32f0xx_ll_gpio.o
 .text          0x0000000000000000        0x0 Drivers/STM32F0xx_HAL_Driver/Src/stm32f0xx_ll_gpio.o
 .data          0x0000000000000000        0x0 Drivers/STM32F0xx_HAL_Driver/Src/stm32f0xx_ll_gpio.o
 .bss           0x0000000000000000        0x0 Drivers/STM32F0xx_HAL_Driver/Src/stm32f0xx_ll_gpio.o
 .text.LL_GPIO_SetPinMode
                0x0000000000000000       0x3a Drivers/STM32F0xx_HAL_Driver/Src/stm32f0xx_ll_gpio.o
 .text.LL_GPIO_SetPinOutputType
                0x0000000000000000       0x2a Drivers/STM32F0xx_HAL_Driver/Src/stm32f0xx_ll_gpio.o
 .text.LL_GPIO_SetPinSpeed
                0x0000000000000000       0x3a Drivers/STM32F0xx_HAL_Driver/Src/stm32f0xx_ll_gpio.o
 .text.LL_GPIO_SetPinPull
                0x0000000000000000       0x3a Drivers/STM32F0xx_HAL_Driver/Src/stm32f0xx_ll_gpio.o
 .text.LL_GPIO_SetAFPin_0_7
                0x0000000000000000       0x4a Drivers/STM32F0xx_HAL_Driver/Src/stm32f0xx_ll_gpio.o
 .text.LL_GPIO_SetAFPin_8_15
                0x0000000000000000       0x5a Drivers/STM32F0xx_HAL_Driver/Src/stm32f0xx_ll_gpio.o
 .text.LL_AHB1_GRP1_ForceReset
                0x0000000000000000       0x20 Drivers/STM32F0xx_HAL_Driver/Src/stm32f0xx_ll_gpio.o
 .text.LL_AHB1_GRP1_ReleaseReset
                0x0000000000000000       0x24 Drivers/STM32F0xx_HAL_Driver/Src/stm32f0xx_ll_gpio.o
 .text.LL_GPIO_DeInit
                0x0000000000000000       0xd0 Drivers/STM32F0xx_HAL_Driver/Src/stm32f0xx_ll_gpio.o
 .text.LL_GPIO_Init
                0x0000000000000000       0xb8 Drivers/STM32F0xx_HAL_Driver/Src/stm32f0xx_ll_gpio.o
 .text.LL_GPIO_StructInit
                0x0000000000000000       0x38 Drivers/STM32F0xx_HAL_Driver/Src/stm32f0xx_ll_gpio.o
 .debug_info    0x0000000000000000      0x576 Drivers/STM32F0xx_HAL_Driver/Src/stm32f0xx_ll_gpio.o
 .debug_abbrev  0x0000000000000000      0x191 Drivers/STM32F0xx_HAL_Driver/Src/stm32f0xx_ll_gpio.o
 .debug_aranges
                0x0000000000000000       0x70 Drivers/STM32F0xx_HAL_Driver/Src/stm32f0xx_ll_gpio.o
 .debug_ranges  0x0000000000000000       0x60 Drivers/STM32F0xx_HAL_Driver/Src/stm32f0xx_ll_gpio.o
 .debug_macro   0x0000000000000000       0xfc Drivers/STM32F0xx_HAL_Driver/Src/stm32f0xx_ll_gpio.o
 .debug_macro   0x0000000000000000      0xa84 Drivers/STM32F0xx_HAL_Driver/Src/stm32f0xx_ll_gpio.o
 .debug_macro   0x0000000000000000       0x2e Drivers/STM32F0xx_HAL_Driver/Src/stm32f0xx_ll_gpio.o
 .debug_macro   0x0000000000000000       0x22 Drivers/STM32F0xx_HAL_Driver/Src/stm32f0xx_ll_gpio.o
 .debug_macro   0x0000000000000000       0x22 Drivers/STM32F0xx_HAL_Driver/Src/stm32f0xx_ll_gpio.o
 .debug_macro   0x0000000000000000       0x8e Drivers/STM32F0xx_HAL_Driver/Src/stm32f0xx_ll_gpio.o
 .debug_macro   0x0000000000000000       0x51 Drivers/STM32F0xx_HAL_Driver/Src/stm32f0xx_ll_gpio.o
 .debug_macro   0x0000000000000000       0xef Drivers/STM32F0xx_HAL_Driver/Src/stm32f0xx_ll_gpio.o
 .debug_macro   0x0000000000000000       0x6a Drivers/STM32F0xx_HAL_Driver/Src/stm32f0xx_ll_gpio.o
 .debug_macro   0x0000000000000000      0x1df Drivers/STM32F0xx_HAL_Driver/Src/stm32f0xx_ll_gpio.o
 .debug_macro   0x0000000000000000       0x1c Drivers/STM32F0xx_HAL_Driver/Src/stm32f0xx_ll_gpio.o
 .debug_macro   0x0000000000000000       0x22 Drivers/STM32F0xx_HAL_Driver/Src/stm32f0xx_ll_gpio.o
 .debug_macro   0x0000000000000000       0xb5 Drivers/STM32F0xx_HAL_Driver/Src/stm32f0xx_ll_gpio.o
 .debug_macro   0x0000000000000000      0x391 Drivers/STM32F0xx_HAL_Driver/Src/stm32f0xx_ll_gpio.o
 .debug_macro   0x0000000000000000     0x6f39 Drivers/STM32F0xx_HAL_Driver/Src/stm32f0xx_ll_gpio.o
 .debug_macro   0x0000000000000000       0x3c Drivers/STM32F0xx_HAL_Driver/Src/stm32f0xx_ll_gpio.o
 .debug_macro   0x0000000000000000      0x119 Drivers/STM32F0xx_HAL_Driver/Src/stm32f0xx_ll_gpio.o
 .debug_macro   0x0000000000000000       0xcb Drivers/STM32F0xx_HAL_Driver/Src/stm32f0xx_ll_gpio.o
 .debug_line    0x0000000000000000      0x5b2 Drivers/STM32F0xx_HAL_Driver/Src/stm32f0xx_ll_gpio.o
 .debug_str     0x0000000000000000    0x2d4cf Drivers/STM32F0xx_HAL_Driver/Src/stm32f0xx_ll_gpio.o
 .comment       0x0000000000000000       0x7c Drivers/STM32F0xx_HAL_Driver/Src/stm32f0xx_ll_gpio.o
 .debug_frame   0x0000000000000000      0x170 Drivers/STM32F0xx_HAL_Driver/Src/stm32f0xx_ll_gpio.o
 .ARM.attributes
                0x0000000000000000       0x31 Drivers/STM32F0xx_HAL_Driver/Src/stm32f0xx_ll_gpio.o
 .group         0x0000000000000000        0xc Drivers/STM32F0xx_HAL_Driver/Src/stm32f0xx_ll_pwr.o
 .group         0x0000000000000000        0xc Drivers/STM32F0xx_HAL_Driver/Src/stm32f0xx_ll_pwr.o
 .group         0x0000000000000000        0xc Drivers/STM32F0xx_HAL_Driver/Src/stm32f0xx_ll_pwr.o
 .group         0x0000000000000000        0xc Drivers/STM32F0xx_HAL_Driver/Src/stm32f0xx_ll_pwr.o
 .group         0x0000000000000000        0xc Drivers/STM32F0xx_HAL_Driver/Src/stm32f0xx_ll_pwr.o
 .group         0x0000000000000000        0xc Drivers/STM32F0xx_HAL_Driver/Src/stm32f0xx_ll_pwr.o
 .group         0x0000000000000000        0xc Drivers/STM32F0xx_HAL_Driver/Src/stm32f0xx_ll_pwr.o
 .group         0x0000000000000000        0xc Drivers/STM32F0xx_HAL_Driver/Src/stm32f0xx_ll_pwr.o
 .group         0x0000000000000000        0xc Drivers/STM32F0xx_HAL_Driver/Src/stm32f0xx_ll_pwr.o
 .group         0x0000000000000000        0xc Drivers/STM32F0xx_HAL_Driver/Src/stm32f0xx_ll_pwr.o
 .group         0x0000000000000000        0xc Drivers/STM32F0xx_HAL_Driver/Src/stm32f0xx_ll_pwr.o
 .group         0x0000000000000000        0xc Drivers/STM32F0xx_HAL_Driver/Src/stm32f0xx_ll_pwr.o
 .group         0x0000000000000000        0xc Drivers/STM32F0xx_HAL_Driver/Src/stm32f0xx_ll_pwr.o
 .group         0x0000000000000000        0xc Drivers/STM32F0xx_HAL_Driver/Src/stm32f0xx_ll_pwr.o
 .group         0x0000000000000000        0xc Drivers/STM32F0xx_HAL_Driver/Src/stm32f0xx_ll_pwr.o
 .group         0x0000000000000000        0xc Drivers/STM32F0xx_HAL_Driver/Src/stm32f0xx_ll_pwr.o
 .group         0x0000000000000000        0xc Drivers/STM32F0xx_HAL_Driver/Src/stm32f0xx_ll_pwr.o
 .text          0x0000000000000000        0x0 Drivers/STM32F0xx_HAL_Driver/Src/stm32f0xx_ll_pwr.o
 .data          0x0000000000000000        0x0 Drivers/STM32F0xx_HAL_Driver/Src/stm32f0xx_ll_pwr.o
 .bss           0x0000000000000000        0x0 Drivers/STM32F0xx_HAL_Driver/Src/stm32f0xx_ll_pwr.o
 .text.LL_APB1_GRP1_ForceReset
                0x0000000000000000       0x20 Drivers/STM32F0xx_HAL_Driver/Src/stm32f0xx_ll_pwr.o
 .text.LL_APB1_GRP1_ReleaseReset
                0x0000000000000000       0x24 Drivers/STM32F0xx_HAL_Driver/Src/stm32f0xx_ll_pwr.o
 .text.LL_PWR_DeInit
                0x0000000000000000       0x20 Drivers/STM32F0xx_HAL_Driver/Src/stm32f0xx_ll_pwr.o
 .debug_info    0x0000000000000000      0x23e Drivers/STM32F0xx_HAL_Driver/Src/stm32f0xx_ll_pwr.o
 .debug_abbrev  0x0000000000000000      0x114 Drivers/STM32F0xx_HAL_Driver/Src/stm32f0xx_ll_pwr.o
 .debug_aranges
                0x0000000000000000       0x30 Drivers/STM32F0xx_HAL_Driver/Src/stm32f0xx_ll_pwr.o
 .debug_ranges  0x0000000000000000       0x20 Drivers/STM32F0xx_HAL_Driver/Src/stm32f0xx_ll_pwr.o
 .debug_macro   0x0000000000000000       0xd2 Drivers/STM32F0xx_HAL_Driver/Src/stm32f0xx_ll_pwr.o
 .debug_macro   0x0000000000000000      0xa84 Drivers/STM32F0xx_HAL_Driver/Src/stm32f0xx_ll_pwr.o
 .debug_macro   0x0000000000000000       0x2e Drivers/STM32F0xx_HAL_Driver/Src/stm32f0xx_ll_pwr.o
 .debug_macro   0x0000000000000000       0x22 Drivers/STM32F0xx_HAL_Driver/Src/stm32f0xx_ll_pwr.o
 .debug_macro   0x0000000000000000       0x22 Drivers/STM32F0xx_HAL_Driver/Src/stm32f0xx_ll_pwr.o
 .debug_macro   0x0000000000000000       0x8e Drivers/STM32F0xx_HAL_Driver/Src/stm32f0xx_ll_pwr.o
 .debug_macro   0x0000000000000000       0x51 Drivers/STM32F0xx_HAL_Driver/Src/stm32f0xx_ll_pwr.o
 .debug_macro   0x0000000000000000       0xef Drivers/STM32F0xx_HAL_Driver/Src/stm32f0xx_ll_pwr.o
 .debug_macro   0x0000000000000000       0x6a Drivers/STM32F0xx_HAL_Driver/Src/stm32f0xx_ll_pwr.o
 .debug_macro   0x0000000000000000      0x1df Drivers/STM32F0xx_HAL_Driver/Src/stm32f0xx_ll_pwr.o
 .debug_macro   0x0000000000000000       0x1c Drivers/STM32F0xx_HAL_Driver/Src/stm32f0xx_ll_pwr.o
 .debug_macro   0x0000000000000000       0x22 Drivers/STM32F0xx_HAL_Driver/Src/stm32f0xx_ll_pwr.o
 .debug_macro   0x0000000000000000       0xb5 Drivers/STM32F0xx_HAL_Driver/Src/stm32f0xx_ll_pwr.o
 .debug_macro   0x0000000000000000      0x391 Drivers/STM32F0xx_HAL_Driver/Src/stm32f0xx_ll_pwr.o
 .debug_macro   0x0000000000000000     0x6f39 Drivers/STM32F0xx_HAL_Driver/Src/stm32f0xx_ll_pwr.o
 .debug_macro   0x0000000000000000       0x3c Drivers/STM32F0xx_HAL_Driver/Src/stm32f0xx_ll_pwr.o
 .debug_macro   0x0000000000000000       0x62 Drivers/STM32F0xx_HAL_Driver/Src/stm32f0xx_ll_pwr.o
 .debug_macro   0x0000000000000000       0xcb Drivers/STM32F0xx_HAL_Driver/Src/stm32f0xx_ll_pwr.o
 .debug_line    0x0000000000000000      0x4df Drivers/STM32F0xx_HAL_Driver/Src/stm32f0xx_ll_pwr.o
 .debug_str     0x0000000000000000    0x2cada Drivers/STM32F0xx_HAL_Driver/Src/stm32f0xx_ll_pwr.o
 .comment       0x0000000000000000       0x7c Drivers/STM32F0xx_HAL_Driver/Src/stm32f0xx_ll_pwr.o
 .debug_frame   0x0000000000000000       0x6c Drivers/STM32F0xx_HAL_Driver/Src/stm32f0xx_ll_pwr.o
 .ARM.attributes
                0x0000000000000000       0x31 Drivers/STM32F0xx_HAL_Driver/Src/stm32f0xx_ll_pwr.o
 .group         0x0000000000000000        0xc Drivers/STM32F0xx_HAL_Driver/Src/stm32f0xx_ll_rcc.o
 .group         0x0000000000000000        0xc Drivers/STM32F0xx_HAL_Driver/Src/stm32f0xx_ll_rcc.o
 .group         0x0000000000000000        0xc Drivers/STM32F0xx_HAL_Driver/Src/stm32f0xx_ll_rcc.o
 .group         0x0000000000000000        0xc Drivers/STM32F0xx_HAL_Driver/Src/stm32f0xx_ll_rcc.o
 .group         0x0000000000000000        0xc Drivers/STM32F0xx_HAL_Driver/Src/stm32f0xx_ll_rcc.o
 .group         0x0000000000000000        0xc Drivers/STM32F0xx_HAL_Driver/Src/stm32f0xx_ll_rcc.o
 .group         0x0000000000000000        0xc Drivers/STM32F0xx_HAL_Driver/Src/stm32f0xx_ll_rcc.o
 .group         0x0000000000000000        0xc Drivers/STM32F0xx_HAL_Driver/Src/stm32f0xx_ll_rcc.o
 .group         0x0000000000000000        0xc Drivers/STM32F0xx_HAL_Driver/Src/stm32f0xx_ll_rcc.o
 .group         0x0000000000000000        0xc Drivers/STM32F0xx_HAL_Driver/Src/stm32f0xx_ll_rcc.o
 .group         0x0000000000000000        0xc Drivers/STM32F0xx_HAL_Driver/Src/stm32f0xx_ll_rcc.o
 .group         0x0000000000000000        0xc Drivers/STM32F0xx_HAL_Driver/Src/stm32f0xx_ll_rcc.o
 .group         0x0000000000000000        0xc Drivers/STM32F0xx_HAL_Driver/Src/stm32f0xx_ll_rcc.o
 .group         0x0000000000000000        0xc Drivers/STM32F0xx_HAL_Driver/Src/stm32f0xx_ll_rcc.o
 .group         0x0000000000000000        0xc Drivers/STM32F0xx_HAL_Driver/Src/stm32f0xx_ll_rcc.o
 .group         0x0000000000000000        0xc Drivers/STM32F0xx_HAL_Driver/Src/stm32f0xx_ll_rcc.o
 .text          0x0000000000000000        0x0 Drivers/STM32F0xx_HAL_Driver/Src/stm32f0xx_ll_rcc.o
 .data          0x0000000000000000        0x0 Drivers/STM32F0xx_HAL_Driver/Src/stm32f0xx_ll_rcc.o
 .bss           0x0000000000000000        0x0 Drivers/STM32F0xx_HAL_Driver/Src/stm32f0xx_ll_rcc.o
 .text.LL_RCC_HSE_DisableBypass
                0x0000000000000000       0x20 Drivers/STM32F0xx_HAL_Driver/Src/stm32f0xx_ll_rcc.o
 .text.LL_RCC_HSI_Enable
                0x0000000000000000       0x1c Drivers/STM32F0xx_HAL_Driver/Src/stm32f0xx_ll_rcc.o
 .text.LL_RCC_HSI_IsReady
                0x0000000000000000       0x20 Drivers/STM32F0xx_HAL_Driver/Src/stm32f0xx_ll_rcc.o
 .text.LL_RCC_HSI_SetCalibTrimming
                0x0000000000000000       0x28 Drivers/STM32F0xx_HAL_Driver/Src/stm32f0xx_ll_rcc.o
 .text.LL_RCC_HSI14_Disable
                0x0000000000000000       0x1c Drivers/STM32F0xx_HAL_Driver/Src/stm32f0xx_ll_rcc.o
 .text.LL_RCC_HSI14_EnableADCControl
                0x0000000000000000       0x1c Drivers/STM32F0xx_HAL_Driver/Src/stm32f0xx_ll_rcc.o
 .text.LL_RCC_HSI14_SetCalibTrimming
                0x0000000000000000       0x28 Drivers/STM32F0xx_HAL_Driver/Src/stm32f0xx_ll_rcc.o
 .text.LL_RCC_LSE_IsReady
                0x0000000000000000       0x20 Drivers/STM32F0xx_HAL_Driver/Src/stm32f0xx_ll_rcc.o
 .text.LL_RCC_GetSysClkSource
                0x0000000000000000       0x18 Drivers/STM32F0xx_HAL_Driver/Src/stm32f0xx_ll_rcc.o
 .text.LL_RCC_GetAHBPrescaler
                0x0000000000000000       0x18 Drivers/STM32F0xx_HAL_Driver/Src/stm32f0xx_ll_rcc.o
 .text.LL_RCC_GetAPB1Prescaler
                0x0000000000000000       0x18 Drivers/STM32F0xx_HAL_Driver/Src/stm32f0xx_ll_rcc.o
 .text.LL_RCC_GetUSARTClockSource
                0x0000000000000000       0x28 Drivers/STM32F0xx_HAL_Driver/Src/stm32f0xx_ll_rcc.o
 .text.LL_RCC_GetI2CClockSource
                0x0000000000000000       0x1c Drivers/STM32F0xx_HAL_Driver/Src/stm32f0xx_ll_rcc.o
 .text.LL_RCC_PLL_IsReady
                0x0000000000000000       0x28 Drivers/STM32F0xx_HAL_Driver/Src/stm32f0xx_ll_rcc.o
 .text.LL_RCC_PLL_GetMainSource
                0x0000000000000000       0x18 Drivers/STM32F0xx_HAL_Driver/Src/stm32f0xx_ll_rcc.o
 .text.LL_RCC_PLL_GetMultiplicator
                0x0000000000000000       0x18 Drivers/STM32F0xx_HAL_Driver/Src/stm32f0xx_ll_rcc.o
 .text.LL_RCC_PLL_GetPrediv
                0x0000000000000000       0x18 Drivers/STM32F0xx_HAL_Driver/Src/stm32f0xx_ll_rcc.o
 .text.LL_RCC_ClearResetFlags
                0x0000000000000000       0x1c Drivers/STM32F0xx_HAL_Driver/Src/stm32f0xx_ll_rcc.o
 .text.LL_RCC_DeInit
                0x0000000000000000       0xa8 Drivers/STM32F0xx_HAL_Driver/Src/stm32f0xx_ll_rcc.o
 .text.LL_RCC_GetSystemClocksFreq
                0x0000000000000000       0x3a Drivers/STM32F0xx_HAL_Driver/Src/stm32f0xx_ll_rcc.o
 .text.LL_RCC_GetUSARTClockFreq
                0x0000000000000000       0x84 Drivers/STM32F0xx_HAL_Driver/Src/stm32f0xx_ll_rcc.o
 .text.LL_RCC_GetI2CClockFreq
                0x0000000000000000       0x4c Drivers/STM32F0xx_HAL_Driver/Src/stm32f0xx_ll_rcc.o
 .text.RCC_GetSystemClockFreq
                0x0000000000000000       0x48 Drivers/STM32F0xx_HAL_Driver/Src/stm32f0xx_ll_rcc.o
 .text.RCC_GetHCLKClockFreq
                0x0000000000000000       0x2c Drivers/STM32F0xx_HAL_Driver/Src/stm32f0xx_ll_rcc.o
 .text.RCC_GetPCLK1ClockFreq
                0x0000000000000000       0x28 Drivers/STM32F0xx_HAL_Driver/Src/stm32f0xx_ll_rcc.o
 .text.RCC_PLL_GetFreqDomain_SYS
                0x0000000000000000       0x6c Drivers/STM32F0xx_HAL_Driver/Src/stm32f0xx_ll_rcc.o
 .debug_info    0x0000000000000000      0x551 Drivers/STM32F0xx_HAL_Driver/Src/stm32f0xx_ll_rcc.o
 .debug_abbrev  0x0000000000000000      0x1d0 Drivers/STM32F0xx_HAL_Driver/Src/stm32f0xx_ll_rcc.o
 .debug_aranges
                0x0000000000000000       0xe8 Drivers/STM32F0xx_HAL_Driver/Src/stm32f0xx_ll_rcc.o
 .debug_ranges  0x0000000000000000       0xd8 Drivers/STM32F0xx_HAL_Driver/Src/stm32f0xx_ll_rcc.o
 .debug_macro   0x0000000000000000       0xdb Drivers/STM32F0xx_HAL_Driver/Src/stm32f0xx_ll_rcc.o
 .debug_macro   0x0000000000000000      0xa84 Drivers/STM32F0xx_HAL_Driver/Src/stm32f0xx_ll_rcc.o
 .debug_macro   0x0000000000000000       0x2e Drivers/STM32F0xx_HAL_Driver/Src/stm32f0xx_ll_rcc.o
 .debug_macro   0x0000000000000000       0x22 Drivers/STM32F0xx_HAL_Driver/Src/stm32f0xx_ll_rcc.o
 .debug_macro   0x0000000000000000       0x22 Drivers/STM32F0xx_HAL_Driver/Src/stm32f0xx_ll_rcc.o
 .debug_macro   0x0000000000000000       0x8e Drivers/STM32F0xx_HAL_Driver/Src/stm32f0xx_ll_rcc.o
 .debug_macro   0x0000000000000000       0x51 Drivers/STM32F0xx_HAL_Driver/Src/stm32f0xx_ll_rcc.o
 .debug_macro   0x0000000000000000       0xef Drivers/STM32F0xx_HAL_Driver/Src/stm32f0xx_ll_rcc.o
 .debug_macro   0x0000000000000000       0x6a Drivers/STM32F0xx_HAL_Driver/Src/stm32f0xx_ll_rcc.o
 .debug_macro   0x0000000000000000      0x1df Drivers/STM32F0xx_HAL_Driver/Src/stm32f0xx_ll_rcc.o
 .debug_macro   0x0000000000000000       0x1c Drivers/STM32F0xx_HAL_Driver/Src/stm32f0xx_ll_rcc.o
 .debug_macro   0x0000000000000000       0x22 Drivers/STM32F0xx_HAL_Driver/Src/stm32f0xx_ll_rcc.o
 .debug_macro   0x0000000000000000       0xb5 Drivers/STM32F0xx_HAL_Driver/Src/stm32f0xx_ll_rcc.o
 .debug_macro   0x0000000000000000      0x391 Drivers/STM32F0xx_HAL_Driver/Src/stm32f0xx_ll_rcc.o
 .debug_macro   0x0000000000000000     0x6f39 Drivers/STM32F0xx_HAL_Driver/Src/stm32f0xx_ll_rcc.o
 .debug_macro   0x0000000000000000       0x3c Drivers/STM32F0xx_HAL_Driver/Src/stm32f0xx_ll_rcc.o
 .debug_macro   0x0000000000000000      0x3ce Drivers/STM32F0xx_HAL_Driver/Src/stm32f0xx_ll_rcc.o
 .debug_line    0x0000000000000000      0x6da Drivers/STM32F0xx_HAL_Driver/Src/stm32f0xx_ll_rcc.o
 .debug_str     0x0000000000000000    0x2e14d Drivers/STM32F0xx_HAL_Driver/Src/stm32f0xx_ll_rcc.o
 .comment       0x0000000000000000       0x7c Drivers/STM32F0xx_HAL_Driver/Src/stm32f0xx_ll_rcc.o
 .debug_frame   0x0000000000000000      0x318 Drivers/STM32F0xx_HAL_Driver/Src/stm32f0xx_ll_rcc.o
 .ARM.attributes
                0x0000000000000000       0x31 Drivers/STM32F0xx_HAL_Driver/Src/stm32f0xx_ll_rcc.o
 .group         0x0000000000000000        0xc Drivers/STM32F0xx_HAL_Driver/Src/stm32f0xx_ll_utils.o
 .group         0x0000000000000000        0xc Drivers/STM32F0xx_HAL_Driver/Src/stm32f0xx_ll_utils.o
 .group         0x0000000000000000        0xc Drivers/STM32F0xx_HAL_Driver/Src/stm32f0xx_ll_utils.o
 .group         0x0000000000000000        0xc Drivers/STM32F0xx_HAL_Driver/Src/stm32f0xx_ll_utils.o
 .group         0x0000000000000000        0xc Drivers/STM32F0xx_HAL_Driver/Src/stm32f0xx_ll_utils.o
 .group         0x0000000000000000        0xc Drivers/STM32F0xx_HAL_Driver/Src/stm32f0xx_ll_utils.o
 .group         0x0000000000000000        0xc Drivers/STM32F0xx_HAL_Driver/Src/stm32f0xx_ll_utils.o
 .group         0x0000000000000000        0xc Drivers/STM32F0xx_HAL_Driver/Src/stm32f0xx_ll_utils.o
 .group         0x0000000000000000        0xc Drivers/STM32F0xx_HAL_Driver/Src/stm32f0xx_ll_utils.o
 .group         0x0000000000000000        0xc Drivers/STM32F0xx_HAL_Driver/Src/stm32f0xx_ll_utils.o
 .group         0x0000000000000000        0xc Drivers/STM32F0xx_HAL_Driver/Src/stm32f0xx_ll_utils.o
 .group         0x0000000000000000        0xc Drivers/STM32F0xx_HAL_Driver/Src/stm32f0xx_ll_utils.o
 .group         0x0000000000000000        0xc Drivers/STM32F0xx_HAL_Driver/Src/stm32f0xx_ll_utils.o
 .group         0x0000000000000000        0xc Drivers/STM32F0xx_HAL_Driver/Src/stm32f0xx_ll_utils.o
 .group         0x0000000000000000        0xc Drivers/STM32F0xx_HAL_Driver/Src/stm32f0xx_ll_utils.o
 .group         0x0000000000000000        0xc Drivers/STM32F0xx_HAL_Driver/Src/stm32f0xx_ll_utils.o
 .group         0x0000000000000000        0xc Drivers/STM32F0xx_HAL_Driver/Src/stm32f0xx_ll_utils.o
 .group         0x0000000000000000        0xc Drivers/STM32F0xx_HAL_Driver/Src/stm32f0xx_ll_utils.o
 .text          0x0000000000000000        0x0 Drivers/STM32F0xx_HAL_Driver/Src/stm32f0xx_ll_utils.o
 .data          0x0000000000000000        0x0 Drivers/STM32F0xx_HAL_Driver/Src/stm32f0xx_ll_utils.o
 .bss           0x0000000000000000        0x0 Drivers/STM32F0xx_HAL_Driver/Src/stm32f0xx_ll_utils.o
 .text.LL_RCC_HSE_EnableBypass
                0x0000000000000000       0x1c Drivers/STM32F0xx_HAL_Driver/Src/stm32f0xx_ll_utils.o
 .text.LL_RCC_HSE_DisableBypass
                0x0000000000000000       0x20 Drivers/STM32F0xx_HAL_Driver/Src/stm32f0xx_ll_utils.o
 .text.LL_RCC_HSE_Enable
                0x0000000000000000       0x1c Drivers/STM32F0xx_HAL_Driver/Src/stm32f0xx_ll_utils.o
 .text.LL_RCC_HSE_IsReady
                0x0000000000000000       0x28 Drivers/STM32F0xx_HAL_Driver/Src/stm32f0xx_ll_utils.o
 .text.LL_RCC_HSI_Enable
                0x0000000000000000       0x1c Drivers/STM32F0xx_HAL_Driver/Src/stm32f0xx_ll_utils.o
 .text.LL_RCC_HSI_IsReady
                0x0000000000000000       0x20 Drivers/STM32F0xx_HAL_Driver/Src/stm32f0xx_ll_utils.o
 .text.LL_RCC_SetSysClkSource
                0x0000000000000000       0x28 Drivers/STM32F0xx_HAL_Driver/Src/stm32f0xx_ll_utils.o
 .text.LL_RCC_GetSysClkSource
                0x0000000000000000       0x18 Drivers/STM32F0xx_HAL_Driver/Src/stm32f0xx_ll_utils.o
 .text.LL_RCC_SetAHBPrescaler
                0x0000000000000000       0x28 Drivers/STM32F0xx_HAL_Driver/Src/stm32f0xx_ll_utils.o
 .text.LL_RCC_SetAPB1Prescaler
                0x0000000000000000       0x2c Drivers/STM32F0xx_HAL_Driver/Src/stm32f0xx_ll_utils.o
 .text.LL_RCC_GetAHBPrescaler
                0x0000000000000000       0x18 Drivers/STM32F0xx_HAL_Driver/Src/stm32f0xx_ll_utils.o
 .text.LL_RCC_PLL_Enable
                0x0000000000000000       0x1c Drivers/STM32F0xx_HAL_Driver/Src/stm32f0xx_ll_utils.o
 .text.LL_RCC_PLL_IsReady
                0x0000000000000000       0x28 Drivers/STM32F0xx_HAL_Driver/Src/stm32f0xx_ll_utils.o
 .text.LL_RCC_PLL_ConfigDomain_SYS
                0x0000000000000000       0x4c Drivers/STM32F0xx_HAL_Driver/Src/stm32f0xx_ll_utils.o
 .text.LL_FLASH_SetLatency
                0x0000000000000000       0x28 Drivers/STM32F0xx_HAL_Driver/Src/stm32f0xx_ll_utils.o
 .text.LL_FLASH_GetLatency
                0x0000000000000000       0x18 Drivers/STM32F0xx_HAL_Driver/Src/stm32f0xx_ll_utils.o
 .text.LL_SetFlashLatency
                0x0000000000000000       0x90 Drivers/STM32F0xx_HAL_Driver/Src/stm32f0xx_ll_utils.o
 .text.LL_PLL_ConfigSystemClock_HSI
                0x0000000000000000       0x8c Drivers/STM32F0xx_HAL_Driver/Src/stm32f0xx_ll_utils.o
 .text.LL_PLL_ConfigSystemClock_HSE
                0x0000000000000000       0x9e Drivers/STM32F0xx_HAL_Driver/Src/stm32f0xx_ll_utils.o
 .text.UTILS_GetPLLOutputFrequency
                0x0000000000000000       0x3a Drivers/STM32F0xx_HAL_Driver/Src/stm32f0xx_ll_utils.o
 .text.UTILS_PLL_IsBusy
                0x0000000000000000       0x26 Drivers/STM32F0xx_HAL_Driver/Src/stm32f0xx_ll_utils.o
 .text.UTILS_EnablePLLAndSwitchSystem
                0x0000000000000000       0xd8 Drivers/STM32F0xx_HAL_Driver/Src/stm32f0xx_ll_utils.o
 .debug_macro   0x0000000000000000      0xa84 Drivers/STM32F0xx_HAL_Driver/Src/stm32f0xx_ll_utils.o
 .debug_macro   0x0000000000000000       0x2e Drivers/STM32F0xx_HAL_Driver/Src/stm32f0xx_ll_utils.o
 .debug_macro   0x0000000000000000       0x22 Drivers/STM32F0xx_HAL_Driver/Src/stm32f0xx_ll_utils.o
 .debug_macro   0x0000000000000000       0x22 Drivers/STM32F0xx_HAL_Driver/Src/stm32f0xx_ll_utils.o
 .debug_macro   0x0000000000000000       0x8e Drivers/STM32F0xx_HAL_Driver/Src/stm32f0xx_ll_utils.o
 .debug_macro   0x0000000000000000       0x51 Drivers/STM32F0xx_HAL_Driver/Src/stm32f0xx_ll_utils.o
 .debug_macro   0x0000000000000000       0xef Drivers/STM32F0xx_HAL_Driver/Src/stm32f0xx_ll_utils.o
 .debug_macro   0x0000000000000000       0x6a Drivers/STM32F0xx_HAL_Driver/Src/stm32f0xx_ll_utils.o
 .debug_macro   0x0000000000000000      0x1df Drivers/STM32F0xx_HAL_Driver/Src/stm32f0xx_ll_utils.o
 .debug_macro   0x0000000000000000       0x1c Drivers/STM32F0xx_HAL_Driver/Src/stm32f0xx_ll_utils.o
 .debug_macro   0x0000000000000000       0x22 Drivers/STM32F0xx_HAL_Driver/Src/stm32f0xx_ll_utils.o
 .debug_macro   0x0000000000000000       0xb5 Drivers/STM32F0xx_HAL_Driver/Src/stm32f0xx_ll_utils.o
 .debug_macro   0x0000000000000000      0x391 Drivers/STM32F0xx_HAL_Driver/Src/stm32f0xx_ll_utils.o
 .debug_macro   0x0000000000000000     0x6f39 Drivers/STM32F0xx_HAL_Driver/Src/stm32f0xx_ll_utils.o
 .debug_macro   0x0000000000000000       0x3c Drivers/STM32F0xx_HAL_Driver/Src/stm32f0xx_ll_utils.o
 .debug_macro   0x0000000000000000      0x3ce Drivers/STM32F0xx_HAL_Driver/Src/stm32f0xx_ll_utils.o
 .debug_macro   0x0000000000000000       0x2a Drivers/STM32F0xx_HAL_Driver/Src/stm32f0xx_ll_utils.o
 .debug_macro   0x0000000000000000      0x176 Drivers/STM32F0xx_HAL_Driver/Src/stm32f0xx_ll_utils.o
 .text          0x0000000000000000        0x0 c:/st/stm32cubeide_1.4.0/stm32cubeide/plugins/com.st.stm32cube.ide.mcu.externaltools.gnu-tools-for-stm32.7-2018-q2-update.win32_1.5.0.202011040924/tools/bin/../lib/gcc/arm-none-eabi/7.3.1/../../../../arm-none-eabi/lib/thumb/v6-m\libc_nano.a(lib_a-errno.o)
 .data          0x0000000000000000        0x0 c:/st/stm32cubeide_1.4.0/stm32cubeide/plugins/com.st.stm32cube.ide.mcu.externaltools.gnu-tools-for-stm32.7-2018-q2-update.win32_1.5.0.202011040924/tools/bin/../lib/gcc/arm-none-eabi/7.3.1/../../../../arm-none-eabi/lib/thumb/v6-m\libc_nano.a(lib_a-errno.o)
 .bss           0x0000000000000000        0x0 c:/st/stm32cubeide_1.4.0/stm32cubeide/plugins/com.st.stm32cube.ide.mcu.externaltools.gnu-tools-for-stm32.7-2018-q2-update.win32_1.5.0.202011040924/tools/bin/../lib/gcc/arm-none-eabi/7.3.1/../../../../arm-none-eabi/lib/thumb/v6-m\libc_nano.a(lib_a-errno.o)
 .text.__errno  0x0000000000000000        0xc c:/st/stm32cubeide_1.4.0/stm32cubeide/plugins/com.st.stm32cube.ide.mcu.externaltools.gnu-tools-for-stm32.7-2018-q2-update.win32_1.5.0.202011040924/tools/bin/../lib/gcc/arm-none-eabi/7.3.1/../../../../arm-none-eabi/lib/thumb/v6-m\libc_nano.a(lib_a-errno.o)
 .debug_frame   0x0000000000000000       0x20 c:/st/stm32cubeide_1.4.0/stm32cubeide/plugins/com.st.stm32cube.ide.mcu.externaltools.gnu-tools-for-stm32.7-2018-q2-update.win32_1.5.0.202011040924/tools/bin/../lib/gcc/arm-none-eabi/7.3.1/../../../../arm-none-eabi/lib/thumb/v6-m\libc_nano.a(lib_a-errno.o)
 .ARM.attributes
                0x0000000000000000       0x2c c:/st/stm32cubeide_1.4.0/stm32cubeide/plugins/com.st.stm32cube.ide.mcu.externaltools.gnu-tools-for-stm32.7-2018-q2-update.win32_1.5.0.202011040924/tools/bin/../lib/gcc/arm-none-eabi/7.3.1/../../../../arm-none-eabi/lib/thumb/v6-m\libc_nano.a(lib_a-errno.o)
 .text          0x0000000000000000        0x0 c:/st/stm32cubeide_1.4.0/stm32cubeide/plugins/com.st.stm32cube.ide.mcu.externaltools.gnu-tools-for-stm32.7-2018-q2-update.win32_1.5.0.202011040924/tools/bin/../lib/gcc/arm-none-eabi/7.3.1/../../../../arm-none-eabi/lib/thumb/v6-m\libc_nano.a(lib_a-exit.o)
 .data          0x0000000000000000        0x0 c:/st/stm32cubeide_1.4.0/stm32cubeide/plugins/com.st.stm32cube.ide.mcu.externaltools.gnu-tools-for-stm32.7-2018-q2-update.win32_1.5.0.202011040924/tools/bin/../lib/gcc/arm-none-eabi/7.3.1/../../../../arm-none-eabi/lib/thumb/v6-m\libc_nano.a(lib_a-exit.o)
 .bss           0x0000000000000000        0x0 c:/st/stm32cubeide_1.4.0/stm32cubeide/plugins/com.st.stm32cube.ide.mcu.externaltools.gnu-tools-for-stm32.7-2018-q2-update.win32_1.5.0.202011040924/tools/bin/../lib/gcc/arm-none-eabi/7.3.1/../../../../arm-none-eabi/lib/thumb/v6-m\libc_nano.a(lib_a-exit.o)
 .text.exit     0x0000000000000000       0x2c c:/st/stm32cubeide_1.4.0/stm32cubeide/plugins/com.st.stm32cube.ide.mcu.externaltools.gnu-tools-for-stm32.7-2018-q2-update.win32_1.5.0.202011040924/tools/bin/../lib/gcc/arm-none-eabi/7.3.1/../../../../arm-none-eabi/lib/thumb/v6-m\libc_nano.a(lib_a-exit.o)
 .debug_frame   0x0000000000000000       0x28 c:/st/stm32cubeide_1.4.0/stm32cubeide/plugins/com.st.stm32cube.ide.mcu.externaltools.gnu-tools-for-stm32.7-2018-q2-update.win32_1.5.0.202011040924/tools/bin/../lib/gcc/arm-none-eabi/7.3.1/../../../../arm-none-eabi/lib/thumb/v6-m\libc_nano.a(lib_a-exit.o)
 .ARM.attributes
                0x0000000000000000       0x2c c:/st/stm32cubeide_1.4.0/stm32cubeide/plugins/com.st.stm32cube.ide.mcu.externaltools.gnu-tools-for-stm32.7-2018-q2-update.win32_1.5.0.202011040924/tools/bin/../lib/gcc/arm-none-eabi/7.3.1/../../../../arm-none-eabi/lib/thumb/v6-m\libc_nano.a(lib_a-exit.o)
 .text          0x0000000000000000        0x0 c:/st/stm32cubeide_1.4.0/stm32cubeide/plugins/com.st.stm32cube.ide.mcu.externaltools.gnu-tools-for-stm32.7-2018-q2-update.win32_1.5.0.202011040924/tools/bin/../lib/gcc/arm-none-eabi/7.3.1/../../../../arm-none-eabi/lib/thumb/v6-m\libc_nano.a(lib_a-impure.o)
 .data          0x0000000000000000        0x0 c:/st/stm32cubeide_1.4.0/stm32cubeide/plugins/com.st.stm32cube.ide.mcu.externaltools.gnu-tools-for-stm32.7-2018-q2-update.win32_1.5.0.202011040924/tools/bin/../lib/gcc/arm-none-eabi/7.3.1/../../../../arm-none-eabi/lib/thumb/v6-m\libc_nano.a(lib_a-impure.o)
 .bss           0x0000000000000000        0x0 c:/st/stm32cubeide_1.4.0/stm32cubeide/plugins/com.st.stm32cube.ide.mcu.externaltools.gnu-tools-for-stm32.7-2018-q2-update.win32_1.5.0.202011040924/tools/bin/../lib/gcc/arm-none-eabi/7.3.1/../../../../arm-none-eabi/lib/thumb/v6-m\libc_nano.a(lib_a-impure.o)
 .data._impure_ptr
                0x0000000000000000        0x4 c:/st/stm32cubeide_1.4.0/stm32cubeide/plugins/com.st.stm32cube.ide.mcu.externaltools.gnu-tools-for-stm32.7-2018-q2-update.win32_1.5.0.202011040924/tools/bin/../lib/gcc/arm-none-eabi/7.3.1/../../../../arm-none-eabi/lib/thumb/v6-m\libc_nano.a(lib_a-impure.o)
 .data.impure_data
                0x0000000000000000       0x60 c:/st/stm32cubeide_1.4.0/stm32cubeide/plugins/com.st.stm32cube.ide.mcu.externaltools.gnu-tools-for-stm32.7-2018-q2-update.win32_1.5.0.202011040924/tools/bin/../lib/gcc/arm-none-eabi/7.3.1/../../../../arm-none-eabi/lib/thumb/v6-m\libc_nano.a(lib_a-impure.o)
 .rodata._global_impure_ptr
                0x0000000000000000        0x4 c:/st/stm32cubeide_1.4.0/stm32cubeide/plugins/com.st.stm32cube.ide.mcu.externaltools.gnu-tools-for-stm32.7-2018-q2-update.win32_1.5.0.202011040924/tools/bin/../lib/gcc/arm-none-eabi/7.3.1/../../../../arm-none-eabi/lib/thumb/v6-m\libc_nano.a(lib_a-impure.o)
 .ARM.attributes
                0x0000000000000000       0x2c c:/st/stm32cubeide_1.4.0/stm32cubeide/plugins/com.st.stm32cube.ide.mcu.externaltools.gnu-tools-for-stm32.7-2018-q2-update.win32_1.5.0.202011040924/tools/bin/../lib/gcc/arm-none-eabi/7.3.1/../../../../arm-none-eabi/lib/thumb/v6-m\libc_nano.a(lib_a-impure.o)
 .text          0x0000000000000000        0x0 c:/st/stm32cubeide_1.4.0/stm32cubeide/plugins/com.st.stm32cube.ide.mcu.externaltools.gnu-tools-for-stm32.7-2018-q2-update.win32_1.5.0.202011040924/tools/bin/../lib/gcc/arm-none-eabi/7.3.1/../../../../arm-none-eabi/lib/thumb/v6-m\libc_nano.a(lib_a-init.o)
 .data          0x0000000000000000        0x0 c:/st/stm32cubeide_1.4.0/stm32cubeide/plugins/com.st.stm32cube.ide.mcu.externaltools.gnu-tools-for-stm32.7-2018-q2-update.win32_1.5.0.202011040924/tools/bin/../lib/gcc/arm-none-eabi/7.3.1/../../../../arm-none-eabi/lib/thumb/v6-m\libc_nano.a(lib_a-init.o)
 .bss           0x0000000000000000        0x0 c:/st/stm32cubeide_1.4.0/stm32cubeide/plugins/com.st.stm32cube.ide.mcu.externaltools.gnu-tools-for-stm32.7-2018-q2-update.win32_1.5.0.202011040924/tools/bin/../lib/gcc/arm-none-eabi/7.3.1/../../../../arm-none-eabi/lib/thumb/v6-m\libc_nano.a(lib_a-init.o)
 .text          0x0000000000000000        0x0 c:/st/stm32cubeide_1.4.0/stm32cubeide/plugins/com.st.stm32cube.ide.mcu.externaltools.gnu-tools-for-stm32.7-2018-q2-update.win32_1.5.0.202011040924/tools/bin/../lib/gcc/arm-none-eabi/7.3.1/../../../../arm-none-eabi/lib/thumb/v6-m\libc_nano.a(lib_a-memset.o)
 .data          0x0000000000000000        0x0 c:/st/stm32cubeide_1.4.0/stm32cubeide/plugins/com.st.stm32cube.ide.mcu.externaltools.gnu-tools-for-stm32.7-2018-q2-update.win32_1.5.0.202011040924/tools/bin/../lib/gcc/arm-none-eabi/7.3.1/../../../../arm-none-eabi/lib/thumb/v6-m\libc_nano.a(lib_a-memset.o)
 .bss           0x0000000000000000        0x0 c:/st/stm32cubeide_1.4.0/stm32cubeide/plugins/com.st.stm32cube.ide.mcu.externaltools.gnu-tools-for-stm32.7-2018-q2-update.win32_1.5.0.202011040924/tools/bin/../lib/gcc/arm-none-eabi/7.3.1/../../../../arm-none-eabi/lib/thumb/v6-m\libc_nano.a(lib_a-memset.o)
 .text.memset   0x0000000000000000       0x10 c:/st/stm32cubeide_1.4.0/stm32cubeide/plugins/com.st.stm32cube.ide.mcu.externaltools.gnu-tools-for-stm32.7-2018-q2-update.win32_1.5.0.202011040924/tools/bin/../lib/gcc/arm-none-eabi/7.3.1/../../../../arm-none-eabi/lib/thumb/v6-m\libc_nano.a(lib_a-memset.o)
 .debug_frame   0x0000000000000000       0x20 c:/st/stm32cubeide_1.4.0/stm32cubeide/plugins/com.st.stm32cube.ide.mcu.externaltools.gnu-tools-for-stm32.7-2018-q2-update.win32_1.5.0.202011040924/tools/bin/../lib/gcc/arm-none-eabi/7.3.1/../../../../arm-none-eabi/lib/thumb/v6-m\libc_nano.a(lib_a-memset.o)
 .ARM.attributes
                0x0000000000000000       0x2c c:/st/stm32cubeide_1.4.0/stm32cubeide/plugins/com.st.stm32cube.ide.mcu.externaltools.gnu-tools-for-stm32.7-2018-q2-update.win32_1.5.0.202011040924/tools/bin/../lib/gcc/arm-none-eabi/7.3.1/../../../../arm-none-eabi/lib/thumb/v6-m\libc_nano.a(lib_a-memset.o)
 .data          0x0000000000000000        0x0 c:/st/stm32cubeide_1.4.0/stm32cubeide/plugins/com.st.stm32cube.ide.mcu.externaltools.gnu-tools-for-stm32.7-2018-q2-update.win32_1.5.0.202011040924/tools/bin/../lib/gcc/arm-none-eabi/7.3.1/thumb/v6-m\libgcc.a(_udivsi3.o)
 .bss           0x0000000000000000        0x0 c:/st/stm32cubeide_1.4.0/stm32cubeide/plugins/com.st.stm32cube.ide.mcu.externaltools.gnu-tools-for-stm32.7-2018-q2-update.win32_1.5.0.202011040924/tools/bin/../lib/gcc/arm-none-eabi/7.3.1/thumb/v6-m\libgcc.a(_udivsi3.o)
 .data          0x0000000000000000        0x0 c:/st/stm32cubeide_1.4.0/stm32cubeide/plugins/com.st.stm32cube.ide.mcu.externaltools.gnu-tools-for-stm32.7-2018-q2-update.win32_1.5.0.202011040924/tools/bin/../lib/gcc/arm-none-eabi/7.3.1/thumb/v6-m\libgcc.a(_dvmd_tls.o)
 .bss           0x0000000000000000        0x0 c:/st/stm32cubeide_1.4.0/stm32cubeide/plugins/com.st.stm32cube.ide.mcu.externaltools.gnu-tools-for-stm32.7-2018-q2-update.win32_1.5.0.202011040924/tools/bin/../lib/gcc/arm-none-eabi/7.3.1/thumb/v6-m\libgcc.a(_dvmd_tls.o)
 .text          0x0000000000000000        0x0 c:/st/stm32cubeide_1.4.0/stm32cubeide/plugins/com.st.stm32cube.ide.mcu.externaltools.gnu-tools-for-stm32.7-2018-q2-update.win32_1.5.0.202011040924/tools/bin/../lib/gcc/arm-none-eabi/7.3.1/thumb/v6-m/crtend.o
 .data          0x0000000000000000        0x0 c:/st/stm32cubeide_1.4.0/stm32cubeide/plugins/com.st.stm32cube.ide.mcu.externaltools.gnu-tools-for-stm32.7-2018-q2-update.win32_1.5.0.202011040924/tools/bin/../lib/gcc/arm-none-eabi/7.3.1/thumb/v6-m/crtend.o
 .bss           0x0000000000000000        0x0 c:/st/stm32cubeide_1.4.0/stm32cubeide/plugins/com.st.stm32cube.ide.mcu.externaltools.gnu-tools-for-stm32.7-2018-q2-update.win32_1.5.0.202011040924/tools/bin/../lib/gcc/arm-none-eabi/7.3.1/thumb/v6-m/crtend.o
 .eh_frame      0x0000000000000000        0x4 c:/st/stm32cubeide_1.4.0/stm32cubeide/plugins/com.st.stm32cube.ide.mcu.externaltools.gnu-tools-for-stm32.7-2018-q2-update.win32_1.5.0.202011040924/tools/bin/../lib/gcc/arm-none-eabi/7.3.1/thumb/v6-m/crtend.o
 .ARM.attributes
                0x0000000000000000       0x2c c:/st/stm32cubeide_1.4.0/stm32cubeide/plugins/com.st.stm32cube.ide.mcu.externaltools.gnu-tools-for-stm32.7-2018-q2-update.win32_1.5.0.202011040924/tools/bin/../lib/gcc/arm-none-eabi/7.3.1/thumb/v6-m/crtend.o
 .text          0x0000000000000000        0x0 c:/st/stm32cubeide_1.4.0/stm32cubeide/plugins/com.st.stm32cube.ide.mcu.externaltools.gnu-tools-for-stm32.7-2018-q2-update.win32_1.5.0.202011040924/tools/bin/../lib/gcc/arm-none-eabi/7.3.1/thumb/v6-m/crtn.o
 .data          0x0000000000000000        0x0 c:/st/stm32cubeide_1.4.0/stm32cubeide/plugins/com.st.stm32cube.ide.mcu.externaltools.gnu-tools-for-stm32.7-2018-q2-update.win32_1.5.0.202011040924/tools/bin/../lib/gcc/arm-none-eabi/7.3.1/thumb/v6-m/crtn.o
 .bss           0x0000000000000000        0x0 c:/st/stm32cubeide_1.4.0/stm32cubeide/plugins/com.st.stm32cube.ide.mcu.externaltools.gnu-tools-for-stm32.7-2018-q2-update.win32_1.5.0.202011040924/tools/bin/../lib/gcc/arm-none-eabi/7.3.1/thumb/v6-m/crtn.o

Memory Configuration

Name             Origin             Length             Attributes
RAM              0x0000000020000000 0x0000000000002000 xrw
FLASH            0x0000000008000000 0x0000000000010000 xr
*default*        0x0000000000000000 0xffffffffffffffff

Linker script and memory map

LOAD c:/st/stm32cubeide_1.4.0/stm32cubeide/plugins/com.st.stm32cube.ide.mcu.externaltools.gnu-tools-for-stm32.7-2018-q2-update.win32_1.5.0.202011040924/tools/bin/../lib/gcc/arm-none-eabi/7.3.1/thumb/v6-m/crti.o
LOAD c:/st/stm32cubeide_1.4.0/stm32cubeide/plugins/com.st.stm32cube.ide.mcu.externaltools.gnu-tools-for-stm32.7-2018-q2-update.win32_1.5.0.202011040924/tools/bin/../lib/gcc/arm-none-eabi/7.3.1/thumb/v6-m/crtbegin.o
LOAD c:/st/stm32cubeide_1.4.0/stm32cubeide/plugins/com.st.stm32cube.ide.mcu.externaltools.gnu-tools-for-stm32.7-2018-q2-update.win32_1.5.0.202011040924/tools/bin/../lib/gcc/arm-none-eabi/7.3.1/../../../../arm-none-eabi/lib/thumb/v6-m/crt0.o
LOAD Core/Src/main.o
LOAD Core/Src/stm32f0xx_it.o
LOAD Core/Src/syscalls.o
LOAD Core/Src/sysmem.o
LOAD Core/Src/system_stm32f0xx.o
LOAD Core/Startup/startup_stm32f030c8tx.o
LOAD Drivers/STM32F0xx_HAL_Driver/Src/stm32f0xx_ll_exti.o
LOAD Drivers/STM32F0xx_HAL_Driver/Src/stm32f0xx_ll_gpio.o
LOAD Drivers/STM32F0xx_HAL_Driver/Src/stm32f0xx_ll_pwr.o
LOAD Drivers/STM32F0xx_HAL_Driver/Src/stm32f0xx_ll_rcc.o
LOAD Drivers/STM32F0xx_HAL_Driver/Src/stm32f0xx_ll_utils.o
START GROUP
LOAD c:/st/stm32cubeide_1.4.0/stm32cubeide/plugins/com.st.stm32cube.ide.mcu.externaltools.gnu-tools-for-stm32.7-2018-q2-update.win32_1.5.0.202011040924/tools/bin/../lib/gcc/arm-none-eabi/7.3.1/../../../../arm-none-eabi/lib/thumb/v6-m\libc_nano.a
LOAD c:/st/stm32cubeide_1.4.0/stm32cubeide/plugins/com.st.stm32cube.ide.mcu.externaltools.gnu-tools-for-stm32.7-2018-q2-update.win32_1.5.0.202011040924/tools/bin/../lib/gcc/arm-none-eabi/7.3.1/../../../../arm-none-eabi/lib/thumb/v6-m\libm.a
END GROUP
START GROUP
LOAD c:/st/stm32cubeide_1.4.0/stm32cubeide/plugins/com.st.stm32cube.ide.mcu.externaltools.gnu-tools-for-stm32.7-2018-q2-update.win32_1.5.0.202011040924/tools/bin/../lib/gcc/arm-none-eabi/7.3.1/thumb/v6-m\libgcc.a
LOAD c:/st/stm32cubeide_1.4.0/stm32cubeide/plugins/com.st.stm32cube.ide.mcu.externaltools.gnu-tools-for-stm32.7-2018-q2-update.win32_1.5.0.202011040924/tools/bin/../lib/gcc/arm-none-eabi/7.3.1/../../../../arm-none-eabi/lib/thumb/v6-m\libc_nano.a
END GROUP
START GROUP
LOAD c:/st/stm32cubeide_1.4.0/stm32cubeide/plugins/com.st.stm32cube.ide.mcu.externaltools.gnu-tools-for-stm32.7-2018-q2-update.win32_1.5.0.202011040924/tools/bin/../lib/gcc/arm-none-eabi/7.3.1/thumb/v6-m\libgcc.a
LOAD c:/st/stm32cubeide_1.4.0/stm32cubeide/plugins/com.st.stm32cube.ide.mcu.externaltools.gnu-tools-for-stm32.7-2018-q2-update.win32_1.5.0.202011040924/tools/bin/../lib/gcc/arm-none-eabi/7.3.1/../../../../arm-none-eabi/lib/thumb/v6-m\libc_nano.a
LOAD c:/st/stm32cubeide_1.4.0/stm32cubeide/plugins/com.st.stm32cube.ide.mcu.externaltools.gnu-tools-for-stm32.7-2018-q2-update.win32_1.5.0.202011040924/tools/bin/../lib/gcc/arm-none-eabi/7.3.1/../../../../arm-none-eabi/lib/thumb/v6-m\libnosys.a
END GROUP
START GROUP
LOAD c:/st/stm32cubeide_1.4.0/stm32cubeide/plugins/com.st.stm32cube.ide.mcu.externaltools.gnu-tools-for-stm32.7-2018-q2-update.win32_1.5.0.202011040924/tools/bin/../lib/gcc/arm-none-eabi/7.3.1/thumb/v6-m\libgcc.a
LOAD c:/st/stm32cubeide_1.4.0/stm32cubeide/plugins/com.st.stm32cube.ide.mcu.externaltools.gnu-tools-for-stm32.7-2018-q2-update.win32_1.5.0.202011040924/tools/bin/../lib/gcc/arm-none-eabi/7.3.1/../../../../arm-none-eabi/lib/thumb/v6-m\libc_nano.a
LOAD c:/st/stm32cubeide_1.4.0/stm32cubeide/plugins/com.st.stm32cube.ide.mcu.externaltools.gnu-tools-for-stm32.7-2018-q2-update.win32_1.5.0.202011040924/tools/bin/../lib/gcc/arm-none-eabi/7.3.1/../../../../arm-none-eabi/lib/thumb/v6-m\libnosys.a
END GROUP
LOAD c:/st/stm32cubeide_1.4.0/stm32cubeide/plugins/com.st.stm32cube.ide.mcu.externaltools.gnu-tools-for-stm32.7-2018-q2-update.win32_1.5.0.202011040924/tools/bin/../lib/gcc/arm-none-eabi/7.3.1/thumb/v6-m/crtend.o
LOAD c:/st/stm32cubeide_1.4.0/stm32cubeide/plugins/com.st.stm32cube.ide.mcu.externaltools.gnu-tools-for-stm32.7-2018-q2-update.win32_1.5.0.202011040924/tools/bin/../lib/gcc/arm-none-eabi/7.3.1/thumb/v6-m/crtn.o
                0x0000000020002000                _estack = (ORIGIN (RAM) + LENGTH (RAM))
                0x0000000000000200                _Min_Heap_Size = 0x200
                0x0000000000000400                _Min_Stack_Size = 0x400

.isr_vector     0x0000000008000000       0xc0
                0x0000000008000000                . = ALIGN (0x4)
 *(.isr_vector)
 .isr_vector    0x0000000008000000       0xc0 Core/Startup/startup_stm32f030c8tx.o
                0x0000000008000000                g_pfnVectors
                0x00000000080000c0                . = ALIGN (0x4)

.text           0x00000000080000c0      0x8e0
                0x00000000080000c0                . = ALIGN (0x4)
 *(.text)
 .text          0x00000000080000c0       0x48 c:/st/stm32cubeide_1.4.0/stm32cubeide/plugins/com.st.stm32cube.ide.mcu.externaltools.gnu-tools-for-stm32.7-2018-q2-update.win32_1.5.0.202011040924/tools/bin/../lib/gcc/arm-none-eabi/7.3.1/thumb/v6-m/crtbegin.o
 .text          0x0000000008000108      0x114 c:/st/stm32cubeide_1.4.0/stm32cubeide/plugins/com.st.stm32cube.ide.mcu.externaltools.gnu-tools-for-stm32.7-2018-q2-update.win32_1.5.0.202011040924/tools/bin/../lib/gcc/arm-none-eabi/7.3.1/thumb/v6-m\libgcc.a(_udivsi3.o)
                0x0000000008000108                __aeabi_uidiv
                0x0000000008000108                __udivsi3
                0x0000000008000214                __aeabi_uidivmod
 .text          0x000000000800021c        0x4 c:/st/stm32cubeide_1.4.0/stm32cubeide/plugins/com.st.stm32cube.ide.mcu.externaltools.gnu-tools-for-stm32.7-2018-q2-update.win32_1.5.0.202011040924/tools/bin/../lib/gcc/arm-none-eabi/7.3.1/thumb/v6-m\libgcc.a(_dvmd_tls.o)
                0x000000000800021c                __aeabi_idiv0
                0x000000000800021c                __aeabi_ldiv0
 *(.text*)
 .text.__NVIC_EnableIRQ
                0x0000000008000220       0x34 Core/Src/main.o
 .text.LL_RCC_HSI_Enable
                0x0000000008000254       0x1c Core/Src/main.o
 .text.LL_RCC_HSI_IsReady
                0x0000000008000270       0x20 Core/Src/main.o
 .text.LL_RCC_HSI_SetCalibTrimming
                0x0000000008000290       0x28 Core/Src/main.o
 .text.LL_RCC_SetSysClkSource
                0x00000000080002b8       0x28 Core/Src/main.o
 .text.LL_RCC_GetSysClkSource
                0x00000000080002e0       0x18 Core/Src/main.o
 .text.LL_RCC_SetAHBPrescaler
                0x00000000080002f8       0x28 Core/Src/main.o
 .text.LL_RCC_SetAPB1Prescaler
                0x0000000008000320       0x2c Core/Src/main.o
 .text.LL_AHB1_GRP1_EnableClock
                0x000000000800034c       0x2c Core/Src/main.o
 .text.LL_APB1_GRP1_EnableClock
                0x0000000008000378       0x2c Core/Src/main.o
 .text.LL_APB1_GRP2_EnableClock
                0x00000000080003a4       0x2c Core/Src/main.o
 .text.LL_FLASH_SetLatency
                0x00000000080003d0       0x28 Core/Src/main.o
 .text.LL_FLASH_GetLatency
                0x00000000080003f8       0x18 Core/Src/main.o
 .text.main     0x0000000008000410       0x34 Core/Src/main.o
                0x0000000008000410                main
 .text.SystemClock_Config
                0x0000000008000444       0x60 Core/Src/main.o
                0x0000000008000444                SystemClock_Config
 .text.MX_GPIO_Init
                0x00000000080004a4       0x14 Core/Src/main.o
 .text.Gpio_Init
                0x00000000080004b8       0x9c Core/Src/main.o
                0x00000000080004b8                Gpio_Init
 .text.Init_Show
                0x0000000008000554       0xec Core/Src/main.o
                0x0000000008000554                Init_Show
 .text.Init_Button
                0x0000000008000640      0x138 Core/Src/main.o
                0x0000000008000640                Init_Button
 .text.EXTI4_15_IRQHandler
                0x0000000008000778       0x34 Core/Src/main.o
                0x0000000008000778                EXTI4_15_IRQHandler
 .text.EXTI2_3_IRQHandler
                0x00000000080007ac       0x58 Core/Src/main.o
                0x00000000080007ac                EXTI2_3_IRQHandler
 .text.NMI_Handler
                0x0000000008000804        0x6 Core/Src/stm32f0xx_it.o
                0x0000000008000804                NMI_Handler
 .text.HardFault_Handler
                0x000000000800080a        0x6 Core/Src/stm32f0xx_it.o
                0x000000000800080a                HardFault_Handler
 .text.SVC_Handler
                0x0000000008000810        0xa Core/Src/stm32f0xx_it.o
                0x0000000008000810                SVC_Handler
 .text.PendSV_Handler
                0x000000000800081a        0xa Core/Src/stm32f0xx_it.o
                0x000000000800081a                PendSV_Handler
 .text.SysTick_Handler
                0x0000000008000824        0xa Core/Src/stm32f0xx_it.o
                0x0000000008000824                SysTick_Handler
 .text.SystemInit
                0x000000000800082e        0xa Core/Src/system_stm32f0xx.o
                0x000000000800082e                SystemInit
 .text.Reset_Handler
                0x0000000008000838       0x50 Core/Startup/startup_stm32f030c8tx.o
                0x0000000008000838                Reset_Handler
 .text.Default_Handler
                0x0000000008000888        0x2 Core/Startup/startup_stm32f030c8tx.o
                0x0000000008000888                TIM1_CC_IRQHandler
                0x0000000008000888                TIM6_IRQHandler
                0x0000000008000888                I2C1_IRQHandler
                0x0000000008000888                SPI1_IRQHandler
                0x0000000008000888                ADC1_IRQHandler
                0x0000000008000888                I2C2_IRQHandler
                0x0000000008000888                TIM17_IRQHandler
                0x0000000008000888                RTC_IRQHandler
                0x0000000008000888                TIM16_IRQHandler
                0x0000000008000888                TIM3_IRQHandler
                0x0000000008000888                RCC_IRQHandler
                0x0000000008000888                DMA1_Channel1_IRQHandler
                0x0000000008000888                Default_Handler
                0x0000000008000888                TIM14_IRQHandler
                0x0000000008000888                DMA1_Channel4_5_IRQHandler
                0x0000000008000888                TIM15_IRQHandler
                0x0000000008000888                EXTI0_1_IRQHandler
                0x0000000008000888                SPI2_IRQHandler
                0x0000000008000888                WWDG_IRQHandler
                0x0000000008000888                DMA1_Channel2_3_IRQHandler
                0x0000000008000888                USART2_IRQHandler
                0x0000000008000888                FLASH_IRQHandler
                0x0000000008000888                USART1_IRQHandler
                0x0000000008000888                TIM1_BRK_UP_TRG_COM_IRQHandler
 *fill*         0x000000000800088a        0x2 
 .text.LL_InitTick
                0x000000000800088c       0x34 Drivers/STM32F0xx_HAL_Driver/Src/stm32f0xx_ll_utils.o
 .text.LL_Init1msTick
                0x00000000080008c0       0x1e Drivers/STM32F0xx_HAL_Driver/Src/stm32f0xx_ll_utils.o
                0x00000000080008c0                LL_Init1msTick
 *fill*         0x00000000080008de        0x2 
 .text.LL_mDelay
                0x00000000080008e0       0x44 Drivers/STM32F0xx_HAL_Driver/Src/stm32f0xx_ll_utils.o
                0x00000000080008e0                LL_mDelay
 .text.LL_SetSystemCoreClock
                0x0000000008000924       0x1c Drivers/STM32F0xx_HAL_Driver/Src/stm32f0xx_ll_utils.o
                0x0000000008000924                LL_SetSystemCoreClock
 .text.__libc_init_array
                0x0000000008000940       0x48 c:/st/stm32cubeide_1.4.0/stm32cubeide/plugins/com.st.stm32cube.ide.mcu.externaltools.gnu-tools-for-stm32.7-2018-q2-update.win32_1.5.0.202011040924/tools/bin/../lib/gcc/arm-none-eabi/7.3.1/../../../../arm-none-eabi/lib/thumb/v6-m\libc_nano.a(lib_a-init.o)
                0x0000000008000940                __libc_init_array
 *(.glue_7)
 .glue_7        0x0000000008000988        0x0 linker stubs
 *(.glue_7t)
 .glue_7t       0x0000000008000988        0x0 linker stubs
 *(.eh_frame)
 .eh_frame      0x0000000008000988        0x0 c:/st/stm32cubeide_1.4.0/stm32cubeide/plugins/com.st.stm32cube.ide.mcu.externaltools.gnu-tools-for-stm32.7-2018-q2-update.win32_1.5.0.202011040924/tools/bin/../lib/gcc/arm-none-eabi/7.3.1/thumb/v6-m/crtbegin.o
 *(.init)
 .init          0x0000000008000988        0x4 c:/st/stm32cubeide_1.4.0/stm32cubeide/plugins/com.st.stm32cube.ide.mcu.externaltools.gnu-tools-for-stm32.7-2018-q2-update.win32_1.5.0.202011040924/tools/bin/../lib/gcc/arm-none-eabi/7.3.1/thumb/v6-m/crti.o
                0x0000000008000988                _init
 .init          0x000000000800098c        0x8 c:/st/stm32cubeide_1.4.0/stm32cubeide/plugins/com.st.stm32cube.ide.mcu.externaltools.gnu-tools-for-stm32.7-2018-q2-update.win32_1.5.0.202011040924/tools/bin/../lib/gcc/arm-none-eabi/7.3.1/thumb/v6-m/crtn.o
 *(.fini)
 .fini          0x0000000008000994        0x4 c:/st/stm32cubeide_1.4.0/stm32cubeide/plugins/com.st.stm32cube.ide.mcu.externaltools.gnu-tools-for-stm32.7-2018-q2-update.win32_1.5.0.202011040924/tools/bin/../lib/gcc/arm-none-eabi/7.3.1/thumb/v6-m/crti.o
                0x0000000008000994                _fini
 .fini          0x0000000008000998        0x8 c:/st/stm32cubeide_1.4.0/stm32cubeide/plugins/com.st.stm32cube.ide.mcu.externaltools.gnu-tools-for-stm32.7-2018-q2-update.win32_1.5.0.202011040924/tools/bin/../lib/gcc/arm-none-eabi/7.3.1/thumb/v6-m/crtn.o
                0x00000000080009a0                . = ALIGN (0x4)
                0x00000000080009a0                _etext = .

.vfp11_veneer   0x00000000080009a0        0x0
 .vfp11_veneer  0x00000000080009a0        0x0 linker stubs

.v4_bx          0x00000000080009a0        0x0
 .v4_bx         0x00000000080009a0        0x0 linker stubs

.iplt           0x00000000080009a0        0x0
 .iplt          0x00000000080009a0        0x0 c:/st/stm32cubeide_1.4.0/stm32cubeide/plugins/com.st.stm32cube.ide.mcu.externaltools.gnu-tools-for-stm32.7-2018-q2-update.win32_1.5.0.202011040924/tools/bin/../lib/gcc/arm-none-eabi/7.3.1/thumb/v6-m/crtbegin.o

.rel.dyn        0x00000000080009a0        0x0
 .rel.iplt      0x00000000080009a0        0x0 c:/st/stm32cubeide_1.4.0/stm32cubeide/plugins/com.st.stm32cube.ide.mcu.externaltools.gnu-tools-for-stm32.7-2018-q2-update.win32_1.5.0.202011040924/tools/bin/../lib/gcc/arm-none-eabi/7.3.1/thumb/v6-m/crtbegin.o

.rodata         0x00000000080009a0        0x0
                0x00000000080009a0                . = ALIGN (0x4)
 *(.rodata)
 *(.rodata*)
                0x00000000080009a0                . = ALIGN (0x4)

.ARM.extab      0x00000000080009a0        0x0
                0x00000000080009a0                . = ALIGN (0x4)
 *(.ARM.extab* .gnu.linkonce.armextab.*)
                0x00000000080009a0                . = ALIGN (0x4)

.ARM            0x00000000080009a0        0x0
                0x00000000080009a0                . = ALIGN (0x4)
                0x00000000080009a0                __exidx_start = .
 *(.ARM.exidx*)
                0x00000000080009a0                __exidx_end = .
                0x00000000080009a0                . = ALIGN (0x4)

.preinit_array  0x00000000080009a0        0x0
                0x00000000080009a0                . = ALIGN (0x4)
                0x00000000080009a0                PROVIDE (__preinit_array_start = .)
 *(.preinit_array*)
                0x00000000080009a0                PROVIDE (__preinit_array_end = .)
                0x00000000080009a0                . = ALIGN (0x4)

.init_array     0x00000000080009a0        0x4
                0x00000000080009a0                . = ALIGN (0x4)
                0x00000000080009a0                PROVIDE (__init_array_start = .)
 *(SORT_BY_NAME(.init_array.*))
 *(.init_array*)
 .init_array    0x00000000080009a0        0x4 c:/st/stm32cubeide_1.4.0/stm32cubeide/plugins/com.st.stm32cube.ide.mcu.externaltools.gnu-tools-for-stm32.7-2018-q2-update.win32_1.5.0.202011040924/tools/bin/../lib/gcc/arm-none-eabi/7.3.1/thumb/v6-m/crtbegin.o
                0x00000000080009a4                PROVIDE (__init_array_end = .)
                0x00000000080009a4                . = ALIGN (0x4)

.fini_array     0x00000000080009a4        0x4
                0x00000000080009a4                . = ALIGN (0x4)
                [!provide]                        PROVIDE (__fini_array_start = .)
 *(SORT_BY_NAME(.fini_array.*))
 *(.fini_array*)
 .fini_array    0x00000000080009a4        0x4 c:/st/stm32cubeide_1.4.0/stm32cubeide/plugins/com.st.stm32cube.ide.mcu.externaltools.gnu-tools-for-stm32.7-2018-q2-update.win32_1.5.0.202011040924/tools/bin/../lib/gcc/arm-none-eabi/7.3.1/thumb/v6-m/crtbegin.o
                [!provide]                        PROVIDE (__fini_array_end = .)
                0x00000000080009a8                . = ALIGN (0x4)
                0x00000000080009a8                _sidata = LOADADDR (.data)

.data           0x0000000020000000        0x4 load address 0x00000000080009a8
                0x0000000020000000                . = ALIGN (0x4)
                0x0000000020000000                _sdata = .
 *(.data)
 *(.data*)
 .data.SystemCoreClock
                0x0000000020000000        0x4 Core/Src/system_stm32f0xx.o
                0x0000000020000000                SystemCoreClock
 *(.RamFunc)
 *(.RamFunc*)
                0x0000000020000004                . = ALIGN (0x4)
                0x0000000020000004                _edata = .

.igot.plt       0x0000000020000004        0x0 load address 0x00000000080009ac
 .igot.plt      0x0000000020000004        0x0 c:/st/stm32cubeide_1.4.0/stm32cubeide/plugins/com.st.stm32cube.ide.mcu.externaltools.gnu-tools-for-stm32.7-2018-q2-update.win32_1.5.0.202011040924/tools/bin/../lib/gcc/arm-none-eabi/7.3.1/thumb/v6-m/crtbegin.o
                0x0000000020000004                . = ALIGN (0x4)

.bss            0x0000000020000004       0x1c load address 0x00000000080009ac
                0x0000000020000004                _sbss = .
                0x0000000020000004                __bss_start__ = _sbss
 *(.bss)
 .bss           0x0000000020000004       0x1c c:/st/stm32cubeide_1.4.0/stm32cubeide/plugins/com.st.stm32cube.ide.mcu.externaltools.gnu-tools-for-stm32.7-2018-q2-update.win32_1.5.0.202011040924/tools/bin/../lib/gcc/arm-none-eabi/7.3.1/thumb/v6-m/crtbegin.o
 *(.bss*)
 *(COMMON)
                0x0000000020000020                . = ALIGN (0x4)
                0x0000000020000020                _ebss = .
                0x0000000020000020                __bss_end__ = _ebss

._user_heap_stack
                0x0000000020000020      0x600 load address 0x00000000080009ac
                0x0000000020000020                . = ALIGN (0x8)
                [!provide]                        PROVIDE (end = .)
                0x0000000020000020                PROVIDE (_end = .)
                0x0000000020000220                . = (. + _Min_Heap_Size)
 *fill*         0x0000000020000020      0x200 
                0x0000000020000620                . = (. + _Min_Stack_Size)
 *fill*         0x0000000020000220      0x400 
                0x0000000020000620                . = ALIGN (0x8)

/DISCARD/
 libc.a(*)
 libm.a(*)
 libgcc.a(*)

.ARM.attributes
                0x0000000000000000       0x28
 *(.ARM.attributes)
 .ARM.attributes
                0x0000000000000000       0x1e c:/st/stm32cubeide_1.4.0/stm32cubeide/plugins/com.st.stm32cube.ide.mcu.externaltools.gnu-tools-for-stm32.7-2018-q2-update.win32_1.5.0.202011040924/tools/bin/../lib/gcc/arm-none-eabi/7.3.1/thumb/v6-m/crti.o
 .ARM.attributes
                0x000000000000001e       0x2c c:/st/stm32cubeide_1.4.0/stm32cubeide/plugins/com.st.stm32cube.ide.mcu.externaltools.gnu-tools-for-stm32.7-2018-q2-update.win32_1.5.0.202011040924/tools/bin/../lib/gcc/arm-none-eabi/7.3.1/thumb/v6-m/crtbegin.o
 .ARM.attributes
                0x000000000000004a       0x31 Core/Src/main.o
 .ARM.attributes
                0x000000000000007b       0x31 Core/Src/stm32f0xx_it.o
 .ARM.attributes
                0x00000000000000ac       0x31 Core/Src/system_stm32f0xx.o
 .ARM.attributes
                0x00000000000000dd       0x21 Core/Startup/startup_stm32f030c8tx.o
 .ARM.attributes
                0x00000000000000fe       0x31 Drivers/STM32F0xx_HAL_Driver/Src/stm32f0xx_ll_utils.o
 .ARM.attributes
                0x000000000000012f       0x2c c:/st/stm32cubeide_1.4.0/stm32cubeide/plugins/com.st.stm32cube.ide.mcu.externaltools.gnu-tools-for-stm32.7-2018-q2-update.win32_1.5.0.202011040924/tools/bin/../lib/gcc/arm-none-eabi/7.3.1/../../../../arm-none-eabi/lib/thumb/v6-m\libc_nano.a(lib_a-init.o)
 .ARM.attributes
                0x000000000000015b       0x1e c:/st/stm32cubeide_1.4.0/stm32cubeide/plugins/com.st.stm32cube.ide.mcu.externaltools.gnu-tools-for-stm32.7-2018-q2-update.win32_1.5.0.202011040924/tools/bin/../lib/gcc/arm-none-eabi/7.3.1/thumb/v6-m\libgcc.a(_udivsi3.o)
 .ARM.attributes
                0x0000000000000179       0x1e c:/st/stm32cubeide_1.4.0/stm32cubeide/plugins/com.st.stm32cube.ide.mcu.externaltools.gnu-tools-for-stm32.7-2018-q2-update.win32_1.5.0.202011040924/tools/bin/../lib/gcc/arm-none-eabi/7.3.1/thumb/v6-m\libgcc.a(_dvmd_tls.o)
 .ARM.attributes
                0x0000000000000197       0x1e c:/st/stm32cubeide_1.4.0/stm32cubeide/plugins/com.st.stm32cube.ide.mcu.externaltools.gnu-tools-for-stm32.7-2018-q2-update.win32_1.5.0.202011040924/tools/bin/../lib/gcc/arm-none-eabi/7.3.1/thumb/v6-m/crtn.o
OUTPUT(OpAmp.elf elf32-littlearm)

.debug_info     0x0000000000000000     0x1370
 .debug_info    0x0000000000000000      0x848 Core/Src/main.o
 .debug_info    0x0000000000000848      0x167 Core/Src/stm32f0xx_it.o
 .debug_info    0x00000000000009af      0x242 Core/Src/system_stm32f0xx.o
 .debug_info    0x0000000000000bf1       0x22 Core/Startup/startup_stm32f030c8tx.o
 .debug_info    0x0000000000000c13      0x75d Drivers/STM32F0xx_HAL_Driver/Src/stm32f0xx_ll_utils.o

.debug_abbrev   0x0000000000000000      0x660
 .debug_abbrev  0x0000000000000000      0x2a3 Core/Src/main.o
 .debug_abbrev  0x00000000000002a3       0x8b Core/Src/stm32f0xx_it.o
 .debug_abbrev  0x000000000000032e      0x100 Core/Src/system_stm32f0xx.o
 .debug_abbrev  0x000000000000042e       0x12 Core/Startup/startup_stm32f030c8tx.o
 .debug_abbrev  0x0000000000000440      0x220 Drivers/STM32F0xx_HAL_Driver/Src/stm32f0xx_ll_utils.o

.debug_aranges  0x0000000000000000      0x240
 .debug_aranges
                0x0000000000000000       0xc8 Core/Src/main.o
 .debug_aranges
                0x00000000000000c8       0x40 Core/Src/stm32f0xx_it.o
 .debug_aranges
                0x0000000000000108       0x28 Core/Src/system_stm32f0xx.o
 .debug_aranges
                0x0000000000000130       0x28 Core/Startup/startup_stm32f030c8tx.o
 .debug_aranges
                0x0000000000000158       0xe8 Drivers/STM32F0xx_HAL_Driver/Src/stm32f0xx_ll_utils.o

.debug_ranges   0x0000000000000000      0x1f8
 .debug_ranges  0x0000000000000000       0xb8 Core/Src/main.o
 .debug_ranges  0x00000000000000b8       0x30 Core/Src/stm32f0xx_it.o
 .debug_ranges  0x00000000000000e8       0x18 Core/Src/system_stm32f0xx.o
 .debug_ranges  0x0000000000000100       0x20 Core/Startup/startup_stm32f030c8tx.o
 .debug_ranges  0x0000000000000120       0xd8 Drivers/STM32F0xx_HAL_Driver/Src/stm32f0xx_ll_utils.o

.debug_macro    0x0000000000000000     0x9224
 .debug_macro   0x0000000000000000      0x124 Core/Src/main.o
 .debug_macro   0x0000000000000124      0xa84 Core/Src/main.o
 .debug_macro   0x0000000000000ba8       0x2e Core/Src/main.o
 .debug_macro   0x0000000000000bd6       0x22 Core/Src/main.o
 .debug_macro   0x0000000000000bf8       0x22 Core/Src/main.o
 .debug_macro   0x0000000000000c1a       0x8e Core/Src/main.o
 .debug_macro   0x0000000000000ca8       0x51 Core/Src/main.o
 .debug_macro   0x0000000000000cf9       0xef Core/Src/main.o
 .debug_macro   0x0000000000000de8       0x6a Core/Src/main.o
 .debug_macro   0x0000000000000e52      0x1df Core/Src/main.o
 .debug_macro   0x0000000000001031       0x1c Core/Src/main.o
 .debug_macro   0x000000000000104d       0x22 Core/Src/main.o
 .debug_macro   0x000000000000106f       0xb5 Core/Src/main.o
 .debug_macro   0x0000000000001124      0x391 Core/Src/main.o
 .debug_macro   0x00000000000014b5     0x6f39 Core/Src/main.o
 .debug_macro   0x00000000000083ee       0x3c Core/Src/main.o
 .debug_macro   0x000000000000842a      0x3d4 Core/Src/main.o
 .debug_macro   0x00000000000087fe       0xcb Core/Src/main.o
 .debug_macro   0x00000000000088c9      0x176 Core/Src/main.o
 .debug_macro   0x0000000000008a3f       0xd0 Core/Src/main.o
 .debug_macro   0x0000000000008b0f       0x16 Core/Src/main.o
 .debug_macro   0x0000000000008b25       0x2a Core/Src/main.o
 .debug_macro   0x0000000000008b4f       0x68 Core/Src/main.o
 .debug_macro   0x0000000000008bb7      0x215 Core/Src/main.o
 .debug_macro   0x0000000000008dcc      0x11f Core/Src/main.o
 .debug_macro   0x0000000000008eeb       0x22 Core/Src/main.o
 .debug_macro   0x0000000000008f0d      0x12e Core/Src/stm32f0xx_it.o
 .debug_macro   0x000000000000903b       0xc0 Core/Src/system_stm32f0xx.o
 .debug_macro   0x00000000000090fb      0x129 Drivers/STM32F0xx_HAL_Driver/Src/stm32f0xx_ll_utils.o

.debug_line     0x0000000000000000     0x199b
 .debug_line    0x0000000000000000      0x7a6 Core/Src/main.o
 .debug_line    0x00000000000007a6      0x5c9 Core/Src/stm32f0xx_it.o
 .debug_line    0x0000000000000d6f      0x476 Core/Src/system_stm32f0xx.o
 .debug_line    0x00000000000011e5       0x89 Core/Startup/startup_stm32f030c8tx.o
 .debug_line    0x000000000000126e      0x72d Drivers/STM32F0xx_HAL_Driver/Src/stm32f0xx_ll_utils.o

.debug_str      0x0000000000000000    0x31c68
 .debug_str     0x0000000000000000    0x30e9e Core/Src/main.o
                                      0x310b0 (size before relaxing)
 .debug_str     0x0000000000030e9e       0x76 Core/Src/stm32f0xx_it.o
                                      0x30c63 (size before relaxing)
 .debug_str     0x0000000000030f14       0x80 Core/Src/system_stm32f0xx.o
                                      0x2c32c (size before relaxing)
 .debug_str     0x0000000000030f94       0x36 Core/Startup/startup_stm32f030c8tx.o
                                         0x55 (size before relaxing)
 .debug_str     0x0000000000030fca      0xc9e Drivers/STM32F0xx_HAL_Driver/Src/stm32f0xx_ll_utils.o
                                      0x2f781 (size before relaxing)

.comment        0x0000000000000000       0x7b
 .comment       0x0000000000000000       0x7b Core/Src/main.o
                                         0x7c (size before relaxing)
 .comment       0x000000000000007b       0x7c Core/Src/stm32f0xx_it.o
 .comment       0x000000000000007b       0x7c Core/Src/system_stm32f0xx.o
 .comment       0x000000000000007b       0x7c Drivers/STM32F0xx_HAL_Driver/Src/stm32f0xx_ll_utils.o

.debug_frame    0x0000000000000000      0x6f8
 .debug_frame   0x0000000000000000      0x2a0 Core/Src/main.o
 .debug_frame   0x00000000000002a0       0x9c Core/Src/stm32f0xx_it.o
 .debug_frame   0x000000000000033c       0x4c Core/Src/system_stm32f0xx.o
 .debug_frame   0x0000000000000388      0x324 Drivers/STM32F0xx_HAL_Driver/Src/stm32f0xx_ll_utils.o
 .debug_frame   0x00000000000006ac       0x2c c:/st/stm32cubeide_1.4.0/stm32cubeide/plugins/com.st.stm32cube.ide.mcu.externaltools.gnu-tools-for-stm32.7-2018-q2-update.win32_1.5.0.202011040924/tools/bin/../lib/gcc/arm-none-eabi/7.3.1/../../../../arm-none-eabi/lib/thumb/v6-m\libc_nano.a(lib_a-init.o)
 .debug_frame   0x00000000000006d8       0x20 c:/st/stm32cubeide_1.4.0/stm32cubeide/plugins/com.st.stm32cube.ide.mcu.externaltools.gnu-tools-for-stm32.7-2018-q2-update.win32_1.5.0.202011040924/tools/bin/../lib/gcc/arm-none-eabi/7.3.1/thumb/v6-m\libgcc.a(_udivsi3.o)
