core_cm0.h:623:22:__NVIC_EnableIRQ	16	static
stm32f0xx_ll_rcc.h:748:22:LL_RCC_HSI_Enable	8	static
stm32f0xx_ll_rcc.h:768:26:LL_RCC_HSI_IsReady	8	static
stm32f0xx_ll_rcc.h:794:22:LL_RCC_HSI_SetCalibTrimming	16	static
stm32f0xx_ll_rcc.h:1100:22:LL_RCC_SetSysClkSource	16	static
stm32f0xx_ll_rcc.h:1116:26:LL_RCC_GetSysClkSource	8	static
stm32f0xx_ll_rcc.h:1136:22:LL_RCC_SetAHBPrescaler	16	static
stm32f0xx_ll_rcc.h:1152:22:LL_RCC_SetAPB1Prescaler	16	static
stm32f0xx_ll_bus.h:227:22:LL_AHB1_GRP1_EnableClock	24	static
stm32f0xx_ll_bus.h:415:22:LL_APB1_GRP1_EnableClock	24	static
stm32f0xx_ll_bus.h:665:22:LL_APB1_GRP2_EnableClock	24	static
stm32f0xx_ll_system.h:1779:22:LL_FLASH_SetLatency	16	static
stm32f0xx_ll_system.h:1791:26:LL_FLASH_GetLatency	8	static
main.c:67:5:main	8	static
main.c:119:6:SystemClock_Config	8	static
main.c:151:13:MX_GPIO_Init	8	static
main.c:167:6:Error_Handler	8	static,ignoring_inline_asm
main.c:178:6:Gpio_Init	8	static
main.c:203:6:Init_Show	16	static
main.c:235:6:Init_Button	8	static
main.c:286:6:EXTI4_15_IRQHandler	8	static
main.c:297:6:EXTI2_3_IRQHandler	8	static
